
> frontend@0.0.0 test:coverage
> vitest run --coverage


 RUN  v4.0.4 D:/team3-mon-fall25/frontend
      Coverage enabled with v8

node.exe : stderr | src/components/chat/MessageInput.test.jsx
At C:\Program Files\nodejs\npm.ps1:29 char:3
+   & $NODE_EXE $NPM_CLI_JS $args
+   ~~~~~~~~~~~~~~~~~~~~~~~~~~~~~
    + CategoryInfo          : NotSpecified: (stderr | src/co...eInput.test.jsx:String) [], RemoteException
    + FullyQualifiedErrorId : NativeCommandError
 
Could not parse CSS stylesheet

stderr | src/components/chat/ChatModal.test.jsx
Could not parse CSS stylesheet

stderr | src/components/chat/ChatModal.test.jsx
Could not parse CSS stylesheet

stderr | src/components/chat/ChatModal.test.jsx
Could not parse CSS stylesheet

stderr | src/components/chat/ChatModal.test.jsx
Could not parse CSS stylesheet

stderr | src/pages/Chat.test.jsx
Could not parse CSS stylesheet

stderr | src/pages/Chat.test.jsx
Could not parse CSS stylesheet

stderr | src/components/chat/ChatModal.test.jsx
Could not parse CSS stylesheet

stderr | src/components/chat/ChatModal.test.jsx
Could not parse CSS stylesheet

stderr | src/pages/Chat.test.jsx
Could not parse CSS stylesheet

stderr | src/pages/Chat.test.jsx
Could not parse CSS stylesheet

stderr | src/pages/Chat.test.jsx
Could not parse CSS stylesheet

stderr | src/pages/Chat.test.jsx
Could not parse CSS stylesheet

stdout | src/components/chat/ChatModal.test.jsx > ChatModal > Rendering > renders when open is true
ChatModal render: {
  open: true,
  asPage: false,
  conversationsCount: 2,
  activeConversationId: '1'
}

stdout | src/components/chat/ChatModal.test.jsx > ChatModal > Rendering > does not render when open is false
ChatModal render: {
  open: false,
  asPage: false,
  conversationsCount: 2,
  activeConversationId: '1'
}
ChatModal: not rendering because open is false

stdout | src/components/chat/ChatModal.test.jsx > ChatModal > Rendering > renders conversation list
ChatModal render: {
  open: true,
  asPage: false,
  conversationsCount: 2,
  activeConversationId: '1'
}

stderr | src/pages/Profile.test.jsx > Profile > Rendering > displays back button
An update to Profile inside a test was not wrapped in act(...).

When testing, code that causes React state updates should be wrapped into act(...):

act(() => {
  /* fire events that update state */
});
/* assert on the output */

This ensures that you're testing the behavior the user would see in the browser. Learn more at 
https://react.dev/link/wrap-tests-with-act
An update to Profile inside a test was not wrapped in act(...).

When testing, code that causes React state updates should be wrapped into act(...):

act(() => {
  /* fire events that update state */
});
/* assert on the output */

This ensures that you're testing the behavior the user would see in the browser. Learn more at 
https://react.dev/link/wrap-tests-with-act

stdout | src/components/chat/ChatModal.test.jsx > ChatModal > Rendering > renders chat window when conversation is selected
ChatModal render: {
  open: true,
  asPage: false,
  conversationsCount: 2,
  activeConversationId: '1'
}

stdout | src/components/chat/ChatModal.test.jsx > ChatModal > Rendering > shows empty state when no conversation is selected
ChatModal render: {
  open: true,
  asPage: false,
  conversationsCount: 0,
  activeConversationId: null
}

stdout | src/components/chat/ChatModal.test.jsx > ChatModal > User interactions > calls onOpenChange when close button is clicked
ChatModal render: {
  open: true,
  asPage: false,
  conversationsCount: 2,
  activeConversationId: '1'
}

stderr | src/pages/Profile.test.jsx > Profile > Listings Display > displays loading state initially
An update to Profile inside a test was not wrapped in act(...).

When testing, code that causes React state updates should be wrapped into act(...):

act(() => {
  /* fire events that update state */
});
/* assert on the output */

This ensures that you're testing the behavior the user would see in the browser. Learn more at 
https://react.dev/link/wrap-tests-with-act
An update to Profile inside a test was not wrapped in act(...).

When testing, code that causes React state updates should be wrapped into act(...):

act(() => {
  /* fire events that update state */
});
/* assert on the output */

This ensures that you're testing the behavior the user would see in the browser. Learn more at 
https://react.dev/link/wrap-tests-with-act

stdout | src/components/chat/ChatModal.test.jsx > ChatModal > User interactions > renders overlay in full-page mode
ChatModal render: {
  open: true,
  asPage: true,
  conversationsCount: 2,
  activeConversationId: '1'
}

stdout | src/components/chat/ChatModal.test.jsx > ChatModal > User interactions > calls onSendMessage when message is sent
ChatModal render: {
  open: true,
  asPage: false,
  conversationsCount: 2,
  activeConversationId: '1'
}

stderr | src/pages/Profile.test.jsx > Profile > Listings Display > displays error state on API failure
Failed to load listings: Error: Failed to load listings
    at D:/team3-mon-fall25/frontend/src/pages/Profile.test.jsx:156:17
    at file:///D:/team3-mon-fall25/frontend/node_modules/@vitest/runner/dist/index.js:157:11
    at file:///D:/team3-mon-fall25/frontend/node_modules/@vitest/runner/dist/index.js:753:26
    at file:///D:/team3-mon-fall25/frontend/node_modules/@vitest/runner/dist/index.js:1636:20
    at new Promise (<anonymous>)
    at runWithTimeout (file:///D:/team3-mon-fall25/frontend/node_modules/@vitest/runner/dist/index.js:1602:10)
    at runTest (file:///D:/team3-mon-fall25/frontend/node_modules/@vitest/runner/dist/index.js:1309:12)
    at runSuite (file:///D:/team3-mon-fall25/frontend/node_modules/@vitest/runner/dist/index.js:1468:8)
    at runSuite (file:///D:/team3-mon-fall25/frontend/node_modules/@vitest/runner/dist/index.js:1468:8)
    at runSuite (file:///D:/team3-mon-fall25/frontend/node_modules/@vitest/runner/dist/index.js:1468:8)

stdout | src/components/chat/ChatModal.test.jsx > ChatModal > User interactions > calls onListingClick when listing is clicked
ChatModal render: {
  open: true,
  asPage: false,
  conversationsCount: 2,
  activeConversationId: '1'
}

stdout | src/components/chat/ChatModal.test.jsx > ChatModal > Initial conversation > opens with initialConversationId when provided
ChatModal render: {
  open: true,
  asPage: false,
  conversationsCount: 2,
  activeConversationId: '2'
}
ChatModal render: {
  open: true,
  asPage: false,
  conversationsCount: 2,
  activeConversationId: '2'
}

stdout | src/components/chat/ChatModal.test.jsx > ChatModal > Initial conversation > opens with first conversation when no initialConversationId
ChatModal render: {
  open: true,
  asPage: false,
  conversationsCount: 2,
  activeConversationId: '1'
}

stdout | src/components/chat/ChatModal.test.jsx > ChatModal > Full page toggle > toggles full page mode when maximize/minimize button is clicked
ChatModal render: {
  open: true,
  asPage: false,
  conversationsCount: 2,
  activeConversationId: '1'
}

stdout | src/pages/Chat.test.jsx > Chat page > shows empty prompt when no conversation is returned
Chat component render: { selfId: '', isOpen: true, conversationsCount: 0, messagesCount: 0 }
Chat component render: {
  selfId: '123',
  isOpen: true,
  conversationsCount: 0,
  messagesCount: 0
}
ChatModal render: {
  open: true,
  asPage: true,
  conversationsCount: 0,
  activeConversationId: null
}
Chat component render: {
  selfId: '123',
  isOpen: true,
  conversationsCount: 0,
  messagesCount: 0
}
ChatModal render: {
  open: true,
  asPage: true,
  conversationsCount: 0,
  activeConversationId: null
}

stdout | src/pages/Chat.test.jsx > Chat page > shows empty prompt when no conversation is returned
Transformed conversations: []

stdout | src/pages/Chat.test.jsx > Chat page > shows empty prompt when no conversation is returned
Chat component render: {
  selfId: '123',
  isOpen: true,
  conversationsCount: 0,
  messagesCount: 0
}
ChatModal render: {
  open: true,
  asPage: true,
  conversationsCount: 0,
  activeConversationId: null
}

stdout | src/pages/Chat.test.jsx > Chat page > auto-selects first conversation, loads messages, and marks newest as read
Chat component render: { selfId: '', isOpen: true, conversationsCount: 0, messagesCount: 0 }
Chat component render: {
  selfId: '123',
  isOpen: true,
  conversationsCount: 0,
  messagesCount: 0
}
ChatModal render: {
  open: true,
  asPage: true,
  conversationsCount: 0,
  activeConversationId: null
}
Chat component render: {
  selfId: '123',
  isOpen: true,
  conversationsCount: 0,
  messagesCount: 0
}
ChatModal render: {
  open: true,
  asPage: true,
  conversationsCount: 0,
  activeConversationId: null
}

stdout | src/pages/Chat.test.jsx > Chat page > auto-selects first conversation, loads messages, and marks newest as read
No stored listing ID for conversation c1
No listing info for conversation c1, defaulting to buying
Conversation c1 type determination: {
  selfId: '123',
  listingUserId: undefined,
  isCurrentUserSeller: false,
  type: 'buying',
  listingTitle: undefined,
  hasListingInfo: false
}

stdout | src/pages/Chat.test.jsx > Chat page > auto-selects first conversation, loads messages, and marks newest as read
Transformed conversations: [
  {
    id: 'c1',
    listingId: null,
    listingTitle: 'Chat Conversation',
    listingPrice: 0,
    listingImage: null,
    otherUser: {
      id: '456',
      name: 'other@nyu.edu',
      email: 'other@nyu.edu',
      netid: 'otheruser',
      initials: 'O',
      isOnline: false,
      memberSince: '2025-11-13T17:07:34.606Z'
    },
    lastMessage: {
      content: 'hi',
      timestamp: '2025-11-13T17:07:34.481Z',
      senderId: '456'
    },
    unreadCount: 2,
    type: 'buying',
    currentUserId: '123',
    last_message_at: undefined
  }
]

stdout | src/pages/Chat.test.jsx > Chat page > auto-selects first conversation, loads messages, and marks newest as read
Chat component render: {
  selfId: '123',
  isOpen: true,
  conversationsCount: 1,
  messagesCount: 0
}
ChatModal render: {
  open: true,
  asPage: true,
  conversationsCount: 1,
  activeConversationId: null
}

stdout | src/components/chat/ChatModal.test.jsx > ChatModal > Full page toggle > toggles full page mode when maximize/minimize button is clicked
ChatModal render: {
  open: true,
  asPage: false,
  conversationsCount: 2,
  activeConversationId: '1'
}
ChatModal render: {
  open: true,
  asPage: false,
  conversationsCount: 2,
  activeConversationId: '1'
}

stdout | src/pages/Chat.test.jsx > Chat page > auto-selects first conversation, loads messages, and marks newest as read
Chat component render: {
  selfId: '123',
  isOpen: true,
  conversationsCount: 1,
  messagesCount: 1
}
ChatModal render: {
  open: true,
  asPage: true,
  conversationsCount: 1,
  activeConversationId: 'c1'
}

stdout | src/pages/Chat.test.jsx > Chat page > renders inbound WS message and sends read when it's from other user
Chat component render: { selfId: '', isOpen: true, conversationsCount: 0, messagesCount: 0 }
Chat component render: {
  selfId: '123',
  isOpen: true,
  conversationsCount: 0,
  messagesCount: 0
}
ChatModal render: {
  open: true,
  asPage: true,
  conversationsCount: 0,
  activeConversationId: null
}
Chat component render: {
  selfId: '123',
  isOpen: true,
  conversationsCount: 0,
  messagesCount: 0
}
ChatModal render: {
  open: true,
  asPage: true,
  conversationsCount: 0,
  activeConversationId: null
}

stdout | src/pages/Chat.test.jsx > Chat page > renders inbound WS message and sends read when it's from other user
No stored listing ID for conversation c1
No listing info for conversation c1, defaulting to buying
Conversation c1 type determination: {
  selfId: '123',
  listingUserId: undefined,
  isCurrentUserSeller: false,
  type: 'buying',
  listingTitle: undefined,
  hasListingInfo: false
}

stdout | src/pages/Chat.test.jsx > Chat page > renders inbound WS message and sends read when it's from other user
Transformed conversations: [
  {
    id: 'c1',
    listingId: null,
    listingTitle: 'Chat Conversation',
    listingPrice: 0,
    listingImage: null,
    otherUser: {
      id: '456',
      name: 'other@nyu.edu',
      email: 'other@nyu.edu',
      netid: 'otheruser',
      initials: 'O',
      isOnline: false,
      memberSince: '2025-11-13T17:07:35.683Z'
    },
    lastMessage: { content: '', timestamp: undefined, senderId: '' },
    unreadCount: 0,
    type: 'buying',
    currentUserId: '123',
    last_message_at: undefined
  }
]

stdout | src/pages/Chat.test.jsx > Chat page > renders inbound WS message and sends read when it's from other user
Chat component render: {
  selfId: '123',
  isOpen: true,
  conversationsCount: 1,
  messagesCount: 0
}
ChatModal render: {
  open: true,
  asPage: true,
  conversationsCount: 1,
  activeConversationId: null
}

stdout | src/pages/Chat.test.jsx > Chat page > renders inbound WS message and sends read when it's from other user
Chat component render: {
  selfId: '123',
  isOpen: true,
  conversationsCount: 1,
  messagesCount: 1
}
ChatModal render: {
  open: true,
  asPage: true,
  conversationsCount: 1,
  activeConversationId: 'c1'
}

stdout | src/pages/Chat.test.jsx > Chat page > renders inbound WS message and sends read when it's from other user
Chat component render: {
  selfId: '123',
  isOpen: true,
  conversationsCount: 1,
  messagesCount: 1
}

stdout | src/pages/Chat.test.jsx > Chat page > renders inbound WS message and sends read when it's from other user
Chat component render: {
  selfId: '123',
  isOpen: true,
  conversationsCount: 1,
  messagesCount: 1
}
ChatModal render: {
  open: true,
  asPage: true,
  conversationsCount: 1,
  activeConversationId: 'c1'
}

stdout | src/pages/Chat.test.jsx > Chat page > renders inbound WS message and sends read when it's from other user
Chat component render: {
  selfId: '123',
  isOpen: true,
  conversationsCount: 1,
  messagesCount: 1
}
ChatModal render: {
  open: true,
  asPage: true,
  conversationsCount: 1,
  activeConversationId: 'c1'
}

stdout | src/pages/Chat.test.jsx > Chat page > renders inbound WS message and sends read when it's from other user
Chat component render: {
  selfId: '123',
  isOpen: true,
  conversationsCount: 1,
  messagesCount: 1
}
ChatModal render: {
  open: true,
  asPage: true,
  conversationsCount: 1,
  activeConversationId: 'c1'
}

stdout | src/components/chat/ChatModal.test.jsx > ChatModal > Full page toggle > toggles full page mode when maximize/minimize button is clicked
ChatModal render: {
  open: true,
  asPage: false,
  conversationsCount: 2,
  activeConversationId: '1'
}

stdout | src/pages/Chat.test.jsx > Chat page > sends a message via WS and REST, then shows it
Chat component render: { selfId: '', isOpen: true, conversationsCount: 0, messagesCount: 0 }
Chat component render: {
  selfId: '123',
  isOpen: true,
  conversationsCount: 0,
  messagesCount: 0
}
ChatModal render: {
  open: true,
  asPage: true,
  conversationsCount: 0,
  activeConversationId: null
}
Chat component render: {
  selfId: '123',
  isOpen: true,
  conversationsCount: 0,
  messagesCount: 0
}
ChatModal render: {
  open: true,
  asPage: true,
  conversationsCount: 0,
  activeConversationId: null
}

stdout | src/pages/Chat.test.jsx > Chat page > sends a message via WS and REST, then shows it
No stored listing ID for conversation c1
No listing info for conversation c1, defaulting to buying
Conversation c1 type determination: {
  selfId: '123',
  listingUserId: undefined,
  isCurrentUserSeller: false,
  type: 'buying',
  listingTitle: undefined,
  hasListingInfo: false
}

stdout | src/pages/Chat.test.jsx > Chat page > sends a message via WS and REST, then shows it
Transformed conversations: [
  {
    id: 'c1',
    listingId: null,
    listingTitle: 'Chat Conversation',
    listingPrice: 0,
    listingImage: null,
    otherUser: {
      id: '456',
      name: 'other@nyu.edu',
      email: 'other@nyu.edu',
      netid: 'otheruser',
      initials: 'O',
      isOnline: false,
      memberSince: '2025-11-13T17:07:36.554Z'
    },
    lastMessage: { content: '', timestamp: undefined, senderId: '' },
    unreadCount: 0,
    type: 'buying',
    currentUserId: '123',
    last_message_at: undefined
  }
]

stdout | src/pages/Chat.test.jsx > Chat page > sends a message via WS and REST, then shows it
Chat component render: {
  selfId: '123',
  isOpen: true,
  conversationsCount: 1,
  messagesCount: 0
}
ChatModal render: {
  open: true,
  asPage: true,
  conversationsCount: 1,
  activeConversationId: null
}

stdout | src/pages/Chat.test.jsx > Chat page > sends a message via WS and REST, then shows it
Chat component render: {
  selfId: '123',
  isOpen: true,
  conversationsCount: 1,
  messagesCount: 1
}
ChatModal render: {
  open: true,
  asPage: true,
  conversationsCount: 1,
  activeConversationId: 'c1'
}

stdout | src/pages/Chat.test.jsx > Chat page > sends a message via WS and REST, then shows it
Chat component render: {
  selfId: '123',
  isOpen: true,
  conversationsCount: 1,
  messagesCount: 1
}

stdout | src/components/chat/ChatModal.test.jsx > ChatModal > Full page toggle > does not call onFullPageChange when not provided
ChatModal render: {
  open: true,
  asPage: false,
  conversationsCount: 2,
  activeConversationId: '1'
}

stdout | src/components/chat/ChatModal.test.jsx > ChatModal > Full page toggle > does not call onFullPageChange when not provided
ChatModal render: {
  open: true,
  asPage: false,
  conversationsCount: 2,
  activeConversationId: '1'
}
ChatModal render: {
  open: true,
  asPage: false,
  conversationsCount: 2,
  activeConversationId: '1'
}

stdout | src/components/chat/ChatModal.test.jsx > ChatModal > Mobile view > hides conversation list when conversation is selected on mobile
ChatModal render: {
  open: true,
  asPage: false,
  conversationsCount: 2,
  activeConversationId: '1'
}
ChatModal render: {
  open: true,
  asPage: false,
  conversationsCount: 2,
  activeConversationId: '1'
}

stdout | src/components/chat/ChatModal.test.jsx > ChatModal > Mobile view > hides conversation list when conversation is selected on mobile
ChatModal render: {
  open: true,
  asPage: false,
  conversationsCount: 2,
  activeConversationId: '1'
}

stdout | src/components/chat/ChatModal.test.jsx > ChatModal > Mobile view > shows back button and returns to conversation list when clicked
ChatModal render: {
  open: true,
  asPage: false,
  conversationsCount: 2,
  activeConversationId: '1'
}
ChatModal render: {
  open: true,
  asPage: false,
  conversationsCount: 2,
  activeConversationId: '1'
}

stdout | src/components/chat/ChatModal.test.jsx > ChatModal > Mobile view > hides conversation list when initialConversationId is provided on mobile
ChatModal render: {
  open: true,
  asPage: false,
  conversationsCount: 2,
  activeConversationId: '1'
}
ChatModal render: {
  open: true,
  asPage: false,
  conversationsCount: 2,
  activeConversationId: '1'
}
ChatModal render: {
  open: true,
  asPage: false,
  conversationsCount: 2,
  activeConversationId: '1'
}

stdout | src/components/chat/ChatModal.test.jsx > ChatModal > Window resize > updates mobile state when window is resized
ChatModal render: {
  open: true,
  asPage: false,
  conversationsCount: 2,
  activeConversationId: '1'
}
ChatModal render: {
  open: true,
  asPage: false,
  conversationsCount: 2,
  activeConversationId: '1'
}
ChatModal render: {
  open: true,
  asPage: false,
  conversationsCount: 2,
  activeConversationId: '1'
}
ChatModal render: {
  open: true,
  asPage: false,
  conversationsCount: 2,
  activeConversationId: '1'
}
ChatModal render: {
  open: true,
  asPage: false,
  conversationsCount: 2,
  activeConversationId: '1'
}

stdout | src/components/chat/ChatModal.test.jsx > ChatModal > Conversation selection > calls onConversationSelect when conversation is selected and messages are available
ChatModal render: {
  open: true,
  asPage: false,
  conversationsCount: 2,
  activeConversationId: '1'
}

stdout | src/components/chat/ChatModal.test.jsx > ChatModal > Conversation selection > does not call onConversationSelect when messages are not available
ChatModal render: {
  open: true,
  asPage: false,
  conversationsCount: 2,
  activeConversationId: '1'
}

stdout | src/components/chat/ChatModal.test.jsx > ChatModal > Conversation selection > calls onConversationSelect when manually selecting a conversation
ChatModal render: {
  open: true,
  asPage: false,
  conversationsCount: 2,
  activeConversationId: '1'
}

stdout | src/pages/Chat.test.jsx > Chat page > sends a message via WS and REST, then shows it
Chat component render: {
  selfId: '123',
  isOpen: true,
  conversationsCount: 1,
  messagesCount: 1
}
ChatModal render: {
  open: true,
  asPage: true,
  conversationsCount: 1,
  activeConversationId: 'c1'
}

stdout | src/components/chat/ChatModal.test.jsx > ChatModal > Load older messages > calls onLoadOlder when load older button is clicked
ChatModal render: {
  open: true,
  asPage: false,
  conversationsCount: 2,
  activeConversationId: '1'
}

stdout | src/components/chat/ChatModal.test.jsx > ChatModal > Load older messages > handles missing onLoadOlder callback gracefully
ChatModal render: {
  open: true,
  asPage: false,
  conversationsCount: 2,
  activeConversationId: '1'
}

stdout | src/pages/Chat.test.jsx > Chat page > sends a message via WS and REST, then shows it
Chat component render: {
  selfId: '123',
  isOpen: true,
  conversationsCount: 1,
  messagesCount: 1
}
ChatModal render: {
  open: true,
  asPage: true,
  conversationsCount: 1,
  activeConversationId: 'c1'
}

stdout | src/components/chat/ChatModal.test.jsx > ChatModal > Dragging > handles drag start on header in windowed mode
ChatModal render: {
  open: true,
  asPage: false,
  conversationsCount: 2,
  activeConversationId: '1'
}

stdout | src/pages/Chat.test.jsx > Chat page > loads older messages when 'Load older' is clicked
Chat component render: { selfId: '', isOpen: true, conversationsCount: 0, messagesCount: 0 }
Chat component render: {
  selfId: '123',
  isOpen: true,
  conversationsCount: 0,
  messagesCount: 0
}
ChatModal render: {
  open: true,
  asPage: true,
  conversationsCount: 0,
  activeConversationId: null
}
Chat component render: {
  selfId: '123',
  isOpen: true,
  conversationsCount: 0,
  messagesCount: 0
}
ChatModal render: {
  open: true,
  asPage: true,
  conversationsCount: 0,
  activeConversationId: null
}

stdout | src/pages/Chat.test.jsx > Chat page > loads older messages when 'Load older' is clicked
No stored listing ID for conversation c1
No listing info for conversation c1, defaulting to buying
Conversation c1 type determination: {
  selfId: '123',
  listingUserId: undefined,
  isCurrentUserSeller: false,
  type: 'buying',
  listingTitle: undefined,
  hasListingInfo: false
}

stdout | src/pages/Chat.test.jsx > Chat page > loads older messages when 'Load older' is clicked
Transformed conversations: [
  {
    id: 'c1',
    listingId: null,
    listingTitle: 'Chat Conversation',
    listingPrice: 0,
    listingImage: null,
    otherUser: {
      id: '456',
      name: 'other@nyu.edu',
      email: 'other@nyu.edu',
      netid: 'otheruser',
      initials: 'O',
      isOnline: false,
      memberSince: '2025-11-13T17:07:43.109Z'
    },
    lastMessage: { content: '', timestamp: undefined, senderId: '' },
    unreadCount: 0,
    type: 'buying',
    currentUserId: '123',
    last_message_at: undefined
  }
]

stdout | src/pages/Chat.test.jsx > Chat page > loads older messages when 'Load older' is clicked
Chat component render: {
  selfId: '123',
  isOpen: true,
  conversationsCount: 1,
  messagesCount: 0
}
ChatModal render: {
  open: true,
  asPage: true,
  conversationsCount: 1,
  activeConversationId: null
}

stdout | src/components/chat/ChatModal.test.jsx > ChatModal > Dragging > does not start drag when clicking on button
ChatModal render: {
  open: true,
  asPage: false,
  conversationsCount: 2,
  activeConversationId: '1'
}

stdout | src/pages/Chat.test.jsx > Chat page > loads older messages when 'Load older' is clicked
Chat component render: {
  selfId: '123',
  isOpen: true,
  conversationsCount: 1,
  messagesCount: 1
}
ChatModal render: {
  open: true,
  asPage: true,
  conversationsCount: 1,
  activeConversationId: 'c1'
}

stdout | src/pages/Chat.test.jsx > Chat page > loads older messages when 'Load older' is clicked
Chat component render: {
  selfId: '123',
  isOpen: true,
  conversationsCount: 1,
  messagesCount: 1
}

stdout | src/components/chat/ChatModal.test.jsx > ChatModal > Message sending > does not send message when no active conversation
ChatModal render: {
  open: true,
  asPage: false,
  conversationsCount: 0,
  activeConversationId: null
}

stdout | src/components/chat/ChatModal.test.jsx > ChatModal > Edge cases > handles empty conversations array
ChatModal render: {
  open: true,
  asPage: false,
  conversationsCount: 0,
  activeConversationId: null
}

stdout | src/components/chat/ChatModal.test.jsx > ChatModal > Edge cases > handles missing messages for conversation
ChatModal render: {
  open: true,
  asPage: false,
  conversationsCount: 2,
  activeConversationId: '1'
}

stdout | src/components/chat/ChatModal.test.jsx > ChatModal > Edge cases > handles empty messages array for active conversation
ChatModal render: {
  open: true,
  asPage: false,
  conversationsCount: 2,
  activeConversationId: '1'
}

stdout | src/components/chat/ChatModal.test.jsx > ChatModal > Edge cases > handles missing nextBefore for conversation
ChatModal render: {
  open: true,
  asPage: false,
  conversationsCount: 2,
  activeConversationId: '1'
}

stdout | src/components/chat/ChatModal.test.jsx > ChatModal > Edge cases > auto-selects first conversation when conversations are loaded
ChatModal render: {
  open: true,
  asPage: false,
  conversationsCount: 0,
  activeConversationId: null
}

stdout | src/components/chat/ChatModal.test.jsx > ChatModal > onLoadOlder optional callback > renders without error when onLoadOlder is not provided
ChatModal render: {
  open: true,
  asPage: false,
  conversationsCount: 2,
  activeConversationId: '1'
}

stdout | src/components/chat/ChatModal.test.jsx > ChatModal > onLoadOlder optional callback > handles onLoadOlder being undefined when load older is clicked
ChatModal render: {
  open: true,
  asPage: false,
  conversationsCount: 2,
  activeConversationId: '1'
}

stdout | src/components/chat/ChatModal.test.jsx > ChatModal > externalOnConversationSelect optional callback > handles conversation selection when externalOnConversationSelect is not provided
ChatModal render: {
  open: true,
  asPage: false,
  conversationsCount: 2,
  activeConversationId: '1'
}

stdout | src/components/chat/ChatModal.test.jsx > ChatModal > externalOnConversationSelect optional callback > handles conversation selection when externalOnConversationSelect is not provided
ChatModal render: {
  open: true,
  asPage: false,
  conversationsCount: 2,
  activeConversationId: '1'
}
ChatModal render: {
  open: true,
  asPage: false,
  conversationsCount: 2,
  activeConversationId: '1'
}

stdout | src/components/chat/ChatModal.test.jsx > ChatModal > onListingClick optional callback > renders without error when onListingClick is not provided
ChatModal render: {
  open: true,
  asPage: false,
  conversationsCount: 2,
  activeConversationId: '1'
}

stdout | src/components/chat/ChatModal.test.jsx > ChatModal > externalOnConversationSelect branch coverage > calls externalOnConversationSelect when conversation is selected manually
ChatModal render: {
  open: true,
  asPage: false,
  conversationsCount: 2,
  activeConversationId: '1'
}

 Γ£ô src/components/ListingCard.test.jsx (13 tests) 16952ms
       Γ£ô renders listing title correctly  385ms
       Γ£ô renders all action buttons  5235ms
       Γ£ô calls onViewDetails when card is clicked  302ms
       Γ£ô calls onMarkSold when Mark as Sold button is clicked  2442ms
       Γ£ô calls onEdit when Edit button is clicked  1732ms
       Γ£ô calls onDelete with correct id when Delete button is clicked  1474ms
       Γ£ô prevents event propagation when action buttons are clicked  4128ms
       Γ£ô handles price with different formats  315ms
       Γ£ô handles different status values  419ms
stdout | src/components/chat/ChatModal.test.jsx > ChatModal > externalOnConversationSelect branch coverage > calls externalOnConversationSelect when conversation is selected manually
ChatModal render: {
  open: true,
  asPage: false,
  conversationsCount: 2,
  activeConversationId: '1'
}
ChatModal render: {
  open: true,
  asPage: false,
  conversationsCount: 2,
  activeConversationId: '1'
}

stdout | src/components/chat/ChatModal.test.jsx > ChatModal > handleBack function > shows conversation list when back button is clicked on mobile
ChatModal render: {
  open: true,
  asPage: false,
  conversationsCount: 2,
  activeConversationId: '1'
}
ChatModal render: {
  open: true,
  asPage: false,
  conversationsCount: 2,
  activeConversationId: '1'
}
ChatModal render: {
  open: true,
  asPage: false,
  conversationsCount: 2,
  activeConversationId: '1'
}

stdout | src/pages/Chat.test.jsx > Chat page > loads older messages when 'Load older' is clicked
Chat component render: {
  selfId: '123',
  isOpen: true,
  conversationsCount: 1,
  messagesCount: 1
}
ChatModal render: {
  open: true,
  asPage: true,
  conversationsCount: 1,
  activeConversationId: 'c1'
}

stdout | src/components/chat/ChatModal.test.jsx > ChatModal > handleBack function > shows conversation list when back button is clicked on mobile
ChatModal render: {
  open: true,
  asPage: false,
  conversationsCount: 2,
  activeConversationId: '1'
}

stdout | src/components/chat/ChatModal.test.jsx > ChatModal > externalOnConversationSelect with empty messages > does not call externalOnConversationSelect when messages array is empty
ChatModal render: {
  open: true,
  asPage: false,
  conversationsCount: 2,
  activeConversationId: '1'
}
ChatModal render: {
  open: true,
  asPage: false,
  conversationsCount: 2,
  activeConversationId: '1'
}

stdout | src/components/chat/ChatModal.test.jsx > ChatModal > handleSend with no active conversation > does not send message when activeConversationId is null
ChatModal render: {
  open: true,
  asPage: false,
  conversationsCount: 0,
  activeConversationId: null
}

stdout | src/components/chat/ChatModal.test.jsx > ChatModal > dragging edge cases > handles case where modalRef getBoundingClientRect returns null
ChatModal render: {
  open: true,
  asPage: false,
  conversationsCount: 2,
  activeConversationId: '1'
}

stderr | src/pages/Profile.test.jsx > Profile > Error Handling > handles API error with custom message
Failed to load listings: { response: { data: { detail: 'Network error occurred' } } }

stdout | src/components/chat/ChatModal.test.jsx > ChatModal > dragging edge cases > handles mouse move when not dragging
ChatModal render: {
  open: true,
  asPage: false,
  conversationsCount: 2,
  activeConversationId: '1'
}

stdout | src/components/chat/ChatModal.test.jsx > ChatModal > dragging edge cases > handles mouse move when modalRef is null
ChatModal render: {
  open: true,
  asPage: false,
  conversationsCount: 2,
  activeConversationId: '1'
}

stderr | src/pages/Profile.test.jsx > Profile > Error Handling > handles API error without custom message
Failed to load listings: Error: 
    at D:/team3-mon-fall25/frontend/src/pages/Profile.test.jsx:322:57
    at file:///D:/team3-mon-fall25/frontend/node_modules/@vitest/runner/dist/index.js:157:11
    at file:///D:/team3-mon-fall25/frontend/node_modules/@vitest/runner/dist/index.js:753:26
    at file:///D:/team3-mon-fall25/frontend/node_modules/@vitest/runner/dist/index.js:1636:20
    at new Promise (<anonymous>)
    at runWithTimeout (file:///D:/team3-mon-fall25/frontend/node_modules/@vitest/runner/dist/index.js:1602:10)
    at runTest (file:///D:/team3-mon-fall25/frontend/node_modules/@vitest/runner/dist/index.js:1309:12)
    at runSuite (file:///D:/team3-mon-fall25/frontend/node_modules/@vitest/runner/dist/index.js:1468:8)
    at runSuite (file:///D:/team3-mon-fall25/frontend/node_modules/@vitest/runner/dist/index.js:1468:8)
    at runSuite (file:///D:/team3-mon-fall25/frontend/node_modules/@vitest/runner/dist/index.js:1468:8)

stdout | src/components/chat/ChatModal.test.jsx > ChatModal > mobile view edge cases > handles null activeConversation in mobile view for full-page mode
ChatModal render: {
  open: true,
  asPage: true,
  conversationsCount: 2,
  activeConversationId: '999'
}
ChatModal render: {
  open: true,
  asPage: true,
  conversationsCount: 2,
  activeConversationId: '999'
}
ChatModal render: {
  open: true,
  asPage: true,
  conversationsCount: 2,
  activeConversationId: '999'
}

stdout | src/components/chat/ChatModal.test.jsx > ChatModal > mobile view edge cases > handles null activeConversation in mobile view for windowed mode
ChatModal render: {
  open: true,
  asPage: false,
  conversationsCount: 2,
  activeConversationId: '999'
}
ChatModal render: {
  open: true,
  asPage: false,
  conversationsCount: 2,
  activeConversationId: '999'
}
ChatModal render: {
  open: true,
  asPage: false,
  conversationsCount: 2,
  activeConversationId: '999'
}

stdout | src/components/chat/ChatModal.test.jsx > ChatModal > onLoadOlder callback coverage > calls onLoadOlder when provided in full-page mode
ChatModal render: {
  open: true,
  asPage: true,
  conversationsCount: 2,
  activeConversationId: '1'
}

stdout | src/components/chat/ChatModal.test.jsx > ChatModal > onLoadOlder callback coverage > handles onLoadOlder being undefined in full-page mode
ChatModal render: {
  open: true,
  asPage: true,
  conversationsCount: 2,
  activeConversationId: '1'
}

 Γ£ô src/pages/Profile.test.jsx (26 tests) 22010ms
       Γ£ô renders profile page with all main sections  1391ms
       Γ£ô displays user contact information  402ms
       Γ£ô displays filter and sort dropdowns  303ms
       Γ£ô fetches and displays user listings  486ms
       Γ£ô displays listings count  535ms
       Γ£ô displays empty state when no listings  529ms
       Γ£ô displays error state on API failure  567ms
       Γ£ô displays placeholder icon when listing has no image  8146ms
       Γ£ô navigates back when back button is clicked  693ms
       Γ£ô opens edit profile modal when Edit Profile button is clicked  814ms
       Γ£ô closes edit profile modal when close is triggered  2291ms
       Γ£ô navigates to listing detail when listing card is clicked  880ms
       Γ£ô updates category filter when dropdown changes  922ms
       Γ£ô updates sort order when dropdown changes  911ms
       Γ£ô displays fallback email when user email is not available  393ms
       Γ£ô displays listing price correctly  339ms
       Γ£ô displays listing category correctly  346ms
stdout | src/components/chat/ChatModal.test.jsx > ChatModal > dragging header element null check > handles case where headerRef.current becomes null
ChatModal render: {
  open: true,
  asPage: false,
  conversationsCount: 2,
  activeConversationId: '1'
}

stdout | src/components/chat/ChatModal.test.jsx > ChatModal > full-page mode desktop view > renders desktop view in full-page mode
ChatModal render: {
  open: true,
  asPage: true,
  conversationsCount: 2,
  activeConversationId: '1'
}

stdout | src/components/chat/ChatModal.test.jsx > ChatModal > windowed mode desktop view > renders desktop view in windowed mode
ChatModal render: {
  open: true,
  asPage: false,
  conversationsCount: 2,
  activeConversationId: '1'
}

 Γ£ô src/pages/Chat.test.jsx (5 tests) 17095ms
     Γ£ô shows empty prompt when no conversation is returned  689ms
     Γ£ô auto-selects first conversation, loads messages, and marks newest as read  963ms
     Γ£ô renders inbound WS message and sends read when it's from other user  953ms
     Γ£ô sends a message via WS and REST, then shows it  6518ms
     Γ£ô loads older messages when 'Load older' is clicked  7963ms
 Γ¥» src/components/chat/ChatModal.test.jsx (48 tests | 8 failed) 21824ms
       Γ£ô renders when open is true  603ms
       Γ£ô does not render when open is false 15ms
       Γ£ô renders conversation list 156ms
       ├ù renders chat window when conversation is selected 174ms
       Γ£ô shows empty state when no conversation is selected 88ms
       Γ£ô calls onOpenChange when close button is clicked  2559ms
       Γ£ô renders overlay in full-page mode  369ms
       ├ù calls onSendMessage when message is sent 224ms
       ├ù calls onListingClick when listing is clicked 154ms
       Γ£ô opens with initialConversationId when provided 200ms
       ├ù opens with first conversation when no initialConversationId 127ms
       Γ£ô toggles full page mode when maximize/minimize button is clicked  2946ms
       Γ£ô does not call onFullPageChange when not provided  1650ms
       Γ£ô hides conversation list when conversation is selected on mobile  929ms
       Γ£ô shows back button and returns to conversation list when clicked 216ms
       Γ£ô hides conversation list when initialConversationId is provided on mobile 288ms
       Γ£ô updates mobile state when window is resized 210ms
       ├ù calls onConversationSelect when conversation is selected and messages are available 2320ms
       Γ£ô does not call onConversationSelect when messages are not available 107ms
       Γ£ô calls onConversationSelect when manually selecting a conversation 84ms
       Γ£ô calls onLoadOlder when load older button is clicked 118ms
       Γ£ô handles missing onLoadOlder callback gracefully 197ms
       Γ£ô handles drag start on header in windowed mode 234ms
       Γ£ô does not start drag when clicking on button  312ms
       Γ£ô does not send message when no active conversation 101ms
       ├ù handles empty conversations array 396ms
       ├ù handles missing messages for conversation 86ms
       Γ£ô handles empty messages array for active conversation 79ms
       Γ£ô handles missing nextBefore for conversation 118ms
       ├ù auto-selects first conversation when conversations are loaded 72ms
       Γ£ô renders without error when onLoadOlder is not provided 150ms
       Γ£ô handles onLoadOlder being undefined when load older is clicked 175ms
       Γ£ô handles conversation selection when externalOnConversationSelect is not provided  854ms
       Γ£ô renders without error when onListingClick is not provided 161ms
       Γ£ô calls externalOnConversationSelect when conversation is selected manually  996ms
       Γ£ô shows conversation list when back button is clicked on mobile  1541ms
       Γ£ô does not call externalOnConversationSelect when messages array is empty  499ms
       Γ£ô does not send message when activeConversationId is null 67ms
       Γ£ô handles case where modalRef getBoundingClientRect returns null  437ms
       Γ£ô handles mouse move when not dragging 106ms
       Γ£ô handles mouse move when modalRef is null 69ms
       Γ£ô handles null activeConversation in mobile view for full-page mode 147ms
       Γ£ô handles null activeConversation in mobile view for windowed mode 172ms
       Γ£ô calls onLoadOlder when provided in full-page mode 154ms
       Γ£ô handles onLoadOlder being undefined in full-page mode  401ms
       Γ£ô handles case where headerRef.current becomes null 224ms
       Γ£ô renders desktop view in full-page mode  342ms
       Γ£ô renders desktop view in windowed mode 177ms
 Γ£ô src/components/ProfileDropdown.test.jsx (22 tests) 23607ms
       Γ£ô renders profile avatar button  1820ms
       Γ£ô opens dropdown when avatar is clicked  1950ms
       Γ£ô closes dropdown when avatar is clicked again  2412ms
       Γ£ô closes dropdown when clicking outside  1936ms
       Γ£ô displays user info section with email  1082ms
       Γ£ô displays user avatar in dropdown  864ms
       Γ£ô displays menu items with correct text  1070ms
       Γ£ô displays divider between sections  678ms
       Γ£ô navigates to profile page when My Profile is clicked  1625ms
       Γ£ô closes dropdown after navigating to profile  1617ms
       Γ£ô calls logout when Logout button is clicked  1765ms
       Γ£ô navigates to login page after logout  2159ms
       Γ£ô closes dropdown after logout  1216ms
       Γ£ô applies correct classes to menu items  678ms
       Γ£ô applies correct class to dropdown menu  743ms
       Γ£ô handles null user gracefully  341ms
       Γ£ô displays netid when email is not available  610ms
       Γ£ô displays default email when neither email nor netid is available  720ms
 Γ£ô src/components/chat/MessageInput.test.jsx (27 tests) 26805ms
       Γ£ô renders send button  1155ms
       Γ£ô updates textarea value on input  1210ms
       Γ£ô calls onSend when send button is clicked  2832ms
       Γ£ô calls onSend when Enter is pressed  1516ms
       Γ£ô does not send when Shift+Enter is pressed  1994ms
       Γ£ô does not send empty message  935ms
       Γ£ô trims message before sending  2230ms
       Γ£ô disables send button when over limit  1469ms
       Γ£ô prevents typing beyond max length  1417ms
       Γ£ô shows over-limit styling when over limit  716ms
       Γ£ô updates character counter as user types  1202ms
       Γ£ô does not send message when over maxLength  2118ms
       Γ£ô does not send message when trimmed length exceeds maxLength  1657ms
       Γ£ô handles case where textareaRef is null in handleSend  1522ms
       Γ£ô sends message when trimmed length equals maxLength  1372ms
       Γ£ô does not send when message is only whitespace  790ms
       Γ£ô handles handleSend when trimmed message is empty  588ms
       Γ£ô handles handleSend when trimmed length exceeds maxLength  762ms
stdout | src/pages/EditProfile.test.jsx > EditProfile > Form Submission > calls onClose when form is submitted
Updating profile with: {
  fullName: 'Alex Morgan',
  username: 'current_user',
  email: 'test@nyu.edu',
  phone: '(555) 123-4567',
  dorm: 'Founders Hall',
  bio: 'NYU student selling items I no longer need. Always happy to negotiate prices!'
}

stdout | src/pages/EditProfile.test.jsx > EditProfile > Change Photo Button > shows alert when Change Photo button is clicked
Change photo clicked

stdout | src/pages/EditProfile.test.jsx > EditProfile > Change Photo Button > does not submit form when Change Photo is clicked
Change photo clicked

 Γ£ô src/pages/EditProfile.test.jsx (35 tests) 36234ms
       Γ£ô renders modal with title and subtitle  442ms
       Γ£ô renders close button  4183ms
       Γ£ô renders all form fields  488ms
       Γ£ô updates full name field when typed  2106ms
       Γ£ô updates username field when typed  2601ms
       Γ£ô updates email field when typed  2035ms
       Γ£ô updates phone field when typed  2878ms
       Γ£ô updates dorm selection when changed  1083ms
       Γ£ô updates bio when typed  3052ms
       Γ£ô updates character count as user types  2196ms
       Γ£ô prevents typing beyond 500 characters  1049ms
       Γ£ô displays correct character count at limit  846ms
       Γ£ô calls onClose when Cancel button is clicked  403ms
       Γ£ô calls onClose when close (X) button is clicked  1439ms
       Γ£ô does not close when clicking inside modal content  623ms
       Γ£ô calls onClose when form is submitted  473ms
       Γ£ô logs form data on submit  571ms
       Γ£ô submits form with updated values  3331ms
       Γ£ô shows alert when Change Photo button is clicked  1072ms
       Γ£ô logs to console when Change Photo is clicked  580ms
       Γ£ô does not submit form when Change Photo is clicked  438ms
       Γ£ô updates initial when full name changes  2058ms
stderr | src/components/chat/ConversationList.test.jsx
Could not parse CSS stylesheet

stderr | src/components/chat/ConversationList.test.jsx
Could not parse CSS stylesheet

stderr | src/pages/ListingDetail.test.jsx > ListingDetail > renders loading state initially
An update to ListingDetail inside a test was not wrapped in act(...).

When testing, code that causes React state updates should be wrapped into act(...):

act(() => {
  /* fire events that update state */
});
/* assert on the output */

This ensures that you're testing the behavior the user would see in the browser. Learn more at 
https://react.dev/link/wrap-tests-with-act
An update to ListingDetail inside a test was not wrapped in act(...).

When testing, code that causes React state updates should be wrapped into act(...):

act(() => {
  /* fire events that update state */
});
/* assert on the output */

This ensures that you're testing the behavior the user would see in the browser. Learn more at 
https://react.dev/link/wrap-tests-with-act
An update to ListingDetail inside a test was not wrapped in act(...).

When testing, code that causes React state updates should be wrapped into act(...):

act(() => {
  /* fire events that update state */
});
/* assert on the output */

This ensures that you're testing the behavior the user would see in the browser. Learn more at 
https://react.dev/link/wrap-tests-with-act
An update to ListingDetail inside a test was not wrapped in act(...).

When testing, code that causes React state updates should be wrapped into act(...):

act(() => {
  /* fire events that update state */
});
/* assert on the output */

This ensures that you're testing the behavior the user would see in the browser. Learn more at 
https://react.dev/link/wrap-tests-with-act

stdout | src/pages/ListingDetail.test.jsx > ListingDetail > displays listing details when loaded
Fetched page 1: {
  responseType: 'object',
  response: { results: [], count: 0 },
  resultsCount: 0,
  hasNext: false,
  totalCount: 0,
  listingIds: []
}
Total listings fetched from all pages: 0
All listing IDs: []

stdout | src/pages/ListingDetail.test.jsx > ListingDetail > displays listing details when loaded
Fetched details for 0 listings
Looking for seller: testuser
Current listing user_netid: testuser, user_email: test@nyu.edu

stderr | src/pages/ListingDetail.test.jsx > ListingDetail > displays error message when listing fails to load
Error: Not found
    at D:/team3-mon-fall25/frontend/src/pages/ListingDetail.test.jsx:92:46
    at file:///D:/team3-mon-fall25/frontend/node_modules/@vitest/runner/dist/index.js:157:11
    at file:///D:/team3-mon-fall25/frontend/node_modules/@vitest/runner/dist/index.js:753:26
    at file:///D:/team3-mon-fall25/frontend/node_modules/@vitest/runner/dist/index.js:1636:20
    at new Promise (<anonymous>)
    at runWithTimeout (file:///D:/team3-mon-fall25/frontend/node_modules/@vitest/runner/dist/index.js:1602:10)
    at runTest (file:///D:/team3-mon-fall25/frontend/node_modules/@vitest/runner/dist/index.js:1309:12)
    at runSuite (file:///D:/team3-mon-fall25/frontend/node_modules/@vitest/runner/dist/index.js:1468:8)
    at runSuite (file:///D:/team3-mon-fall25/frontend/node_modules/@vitest/runner/dist/index.js:1468:8)
    at runFiles (file:///D:/team3-mon-fall25/frontend/node_modules/@vitest/runner/dist/index.js:1526:3)

stdout | src/pages/ListingDetail.test.jsx > ListingDetail > navigates back when back button is clicked
Fetched page 1: {
  responseType: 'object',
  response: { results: [], count: 0 },
  resultsCount: 0,
  hasNext: false,
  totalCount: 0,
  listingIds: []
}
Total listings fetched from all pages: 0
All listing IDs: []

stdout | src/pages/ListingDetail.test.jsx > ListingDetail > navigates back when back button is clicked
Fetched details for 0 listings
Looking for seller: testuser
Current listing user_netid: testuser, user_email: test@nyu.edu
Seller stats calculated: {
  sellerUsername: 'testuser',
  totalListings: 1,
  activeCount: 1,
  soldCount: 0,
  listingStatuses: [ { id: 123, status: 'active' } ]
}

stdout | src/pages/ListingDetail.test.jsx > ListingDetail > handles listing with no images
Fetched page 1: {
  responseType: 'object',
  response: { results: [], count: 0 },
  resultsCount: 0,
  hasNext: false,
  totalCount: 0,
  listingIds: []
}
Total listings fetched from all pages: 0
All listing IDs: []

stdout | src/pages/ListingDetail.test.jsx > ListingDetail > handles listing with no images
Fetched details for 0 listings
Looking for seller: testuser
Current listing user_netid: testuser, user_email: test@nyu.edu
Seller stats calculated: {
  sellerUsername: 'testuser',
  totalListings: 1,
  activeCount: 1,
  soldCount: 0,
  listingStatuses: [ { id: 123, status: 'active' } ]
}

stdout | src/pages/ListingDetail.test.jsx > ListingDetail > handles listing with single image
Fetched page 1: {
  responseType: 'object',
  response: { results: [], count: 0 },
  resultsCount: 0,
  hasNext: false,
  totalCount: 0,
  listingIds: []
}
Total listings fetched from all pages: 0
All listing IDs: []

stdout | src/pages/ListingDetail.test.jsx > ListingDetail > handles listing with single image
Fetched details for 0 listings
Looking for seller: testuser
Current listing user_netid: testuser, user_email: test@nyu.edu

stdout | src/pages/ListingDetail.test.jsx > ListingDetail > navigates images with next/previous buttons
Fetched page 1: {
  responseType: 'object',
  response: { results: [], count: 0 },
  resultsCount: 0,
  hasNext: false,
  totalCount: 0,
  listingIds: []
}
Total listings fetched from all pages: 0
All listing IDs: []

stdout | src/pages/ListingDetail.test.jsx > ListingDetail > navigates images with next/previous buttons
Fetched details for 0 listings
Looking for seller: testuser
Current listing user_netid: testuser, user_email: test@nyu.edu
Seller stats calculated: {
  sellerUsername: 'testuser',
  totalListings: 1,
  activeCount: 1,
  soldCount: 0,
  listingStatuses: [ { id: 123, status: 'active' } ]
}

stdout | src/pages/ListingDetail.test.jsx > ListingDetail > opens and closes lightbox when clicking main image
Fetched page 1: {
  responseType: 'object',
  response: { results: [], count: 0 },
  resultsCount: 0,
  hasNext: false,
  totalCount: 0,
  listingIds: []
}
Total listings fetched from all pages: 0
All listing IDs: []

stdout | src/pages/ListingDetail.test.jsx > ListingDetail > opens and closes lightbox when clicking main image
Fetched details for 0 listings
Looking for seller: testuser
Current listing user_netid: testuser, user_email: test@nyu.edu
Seller stats calculated: {
  sellerUsername: 'testuser',
  totalListings: 1,
  activeCount: 1,
  soldCount: 0,
  listingStatuses: [ { id: 123, status: 'active' } ]
}

 Γ£ô src/components/browse/SearchBar.test.jsx (4 tests) 10633ms
     Γ£ô renders input and search button  2196ms
     Γ£ô calls onSearch with trimmed value on submit  2450ms
     Γ£ô shows validation message for empty search  1873ms
     Γ£ô shows and clears X button  4105ms
stdout | src/pages/ListingDetail.test.jsx > ListingDetail > navigates images in lightbox with keyboard
Fetched page 1: {
  responseType: 'object',
  response: { results: [], count: 0 },
  resultsCount: 0,
  hasNext: false,
  totalCount: 0,
  listingIds: []
}
Total listings fetched from all pages: 0
All listing IDs: []

stdout | src/pages/ListingDetail.test.jsx > ListingDetail > navigates images in lightbox with keyboard
Fetched details for 0 listings
Looking for seller: testuser
Current listing user_netid: testuser, user_email: test@nyu.edu
Seller stats calculated: {
  sellerUsername: 'testuser',
  totalListings: 1,
  activeCount: 1,
  soldCount: 0,
  listingStatuses: [ { id: 123, status: 'active' } ]
}

 Γ£ô src/components/chat/ConversationList.test.jsx (20 tests) 15059ms
       Γ£ô renders search input  478ms
       Γ£ô filters conversations by title  1296ms
       Γ£ô filters conversations by user name  711ms
       Γ£ô filters by buying type  540ms
       Γ£ô filters by selling type  548ms
       Γ£ô shows all conversations when All tab is selected  647ms
       Γ£ô sorts conversations by last message time (newest first)  604ms
       Γ£ô sorts using created_at property  1372ms
       Γ£ô sorts using last_message_at property  1285ms
       Γ£ô handles conversations with no timestamp (sorts to end)  1306ms
       Γ£ô calls onConversationSelect when conversation is clicked  1649ms
       Γ£ô filters by type and search query together  2373ms
       Γ£ô shows empty state when search and filter yield no results  1397ms
stdout | src/pages/ListingDetail.test.jsx > ListingDetail > navigates images using thumbnail clicks
Fetched page 1: {
  responseType: 'object',
  response: { results: [], count: 0 },
  resultsCount: 0,
  hasNext: false,
  totalCount: 0,
  listingIds: []
}
Total listings fetched from all pages: 0
All listing IDs: []

stdout | src/pages/ListingDetail.test.jsx > ListingDetail > navigates images using thumbnail clicks
Fetched details for 0 listings
Looking for seller: testuser
Current listing user_netid: testuser, user_email: test@nyu.edu
Seller stats calculated: {
  sellerUsername: 'testuser',
  totalListings: 1,
  activeCount: 1,
  soldCount: 0,
  listingStatuses: [ { id: 123, status: 'active' } ]
}

stdout | src/pages/ListingDetail.test.jsx > ListingDetail > toggles watchlist save button
Fetched page 1: {
  responseType: 'object',
  response: { results: [], count: 0 },
  resultsCount: 0,
  hasNext: false,
  totalCount: 0,
  listingIds: []
}
Total listings fetched from all pages: 0
All listing IDs: []

stdout | src/pages/ListingDetail.test.jsx > ListingDetail > toggles watchlist save button
Fetched details for 0 listings
Looking for seller: testuser
Current listing user_netid: testuser, user_email: test@nyu.edu
Seller stats calculated: {
  sellerUsername: 'testuser',
  totalListings: 1,
  activeCount: 1,
  soldCount: 0,
  listingStatuses: [ { id: 123, status: 'active' } ]
}

stdout | src/pages/ListingDetail.test.jsx > ListingDetail > removes from watchlist when already saved
Fetched page 1: {
  responseType: 'object',
  response: { results: [], count: 0 },
  resultsCount: 0,
  hasNext: false,
  totalCount: 0,
  listingIds: []
}
Total listings fetched from all pages: 0
All listing IDs: []

stdout | src/pages/ListingDetail.test.jsx > ListingDetail > removes from watchlist when already saved
Fetched details for 0 listings
Looking for seller: testuser
Current listing user_netid: testuser, user_email: test@nyu.edu
Seller stats calculated: {
  sellerUsername: 'testuser',
  totalListings: 1,
  activeCount: 1,
  soldCount: 0,
  listingStatuses: [ { id: 123, status: 'active' } ]
}

stdout | src/pages/ListingDetail.test.jsx > ListingDetail > redirects to login when saving without authentication
Fetched page 1: {
  responseType: 'object',
  response: { results: [], count: 0 },
  resultsCount: 0,
  hasNext: false,
  totalCount: 0,
  listingIds: []
}
Total listings fetched from all pages: 0
All listing IDs: []

stdout | src/pages/ListingDetail.test.jsx > ListingDetail > redirects to login when saving without authentication
Fetched details for 0 listings
Looking for seller: testuser
Current listing user_netid: testuser, user_email: test@nyu.edu
Seller stats calculated: {
  sellerUsername: 'testuser',
  totalListings: 1,
  activeCount: 1,
  soldCount: 0,
  listingStatuses: [ { id: 123, status: 'active' } ]
}

stdout | src/pages/ListingDetail.test.jsx > ListingDetail > opens contact seller modal
Fetched page 1: {
  responseType: 'object',
  response: { results: [], count: 0 },
  resultsCount: 0,
  hasNext: false,
  totalCount: 0,
  listingIds: []
}
Total listings fetched from all pages: 0
All listing IDs: []

stdout | src/pages/ListingDetail.test.jsx > ListingDetail > opens contact seller modal
Fetched details for 0 listings
Looking for seller: testuser
Current listing user_netid: testuser, user_email: test@nyu.edu
Seller stats calculated: {
  sellerUsername: 'testuser',
  totalListings: 1,
  activeCount: 1,
  soldCount: 0,
  listingStatuses: [ { id: 123, status: 'active' } ]
}

stdout | src/pages/ListingDetail.test.jsx > ListingDetail > handles price as number
Fetched page 1: {
  responseType: 'object',
  response: { results: [], count: 0 },
  resultsCount: 0,
  hasNext: false,
  totalCount: 0,
  listingIds: []
}
Total listings fetched from all pages: 0
All listing IDs: []

stdout | src/pages/ListingDetail.test.jsx > ListingDetail > handles price as number
Fetched details for 0 listings
Looking for seller: testuser
Current listing user_netid: testuser, user_email: test@nyu.edu
Seller stats calculated: {
  sellerUsername: 'testuser',
  totalListings: 1,
  activeCount: 1,
  soldCount: 0,
  listingStatuses: [ { id: 123, status: 'active' } ]
}

stdout | src/pages/ListingDetail.test.jsx > ListingDetail > handles price as string
Fetched page 1: {
  responseType: 'object',
  response: { results: [], count: 0 },
  resultsCount: 0,
  hasNext: false,
  totalCount: 0,
  listingIds: []
}
Total listings fetched from all pages: 0
All listing IDs: []

stdout | src/pages/ListingDetail.test.jsx > ListingDetail > handles price as string
Fetched details for 0 listings
Looking for seller: testuser
Current listing user_netid: testuser, user_email: test@nyu.edu
Seller stats calculated: {
  sellerUsername: 'testuser',
  totalListings: 1,
  activeCount: 1,
  soldCount: 0,
  listingStatuses: [ { id: 123, status: 'active' } ]
}

stdout | src/pages/ListingDetail.test.jsx > ListingDetail > disables contact button for sold listings
Fetched page 1: {
  responseType: 'object',
  response: { results: [], count: 0 },
  resultsCount: 0,
  hasNext: false,
  totalCount: 0,
  listingIds: []
}
Total listings fetched from all pages: 0
All listing IDs: []

stdout | src/pages/ListingDetail.test.jsx > ListingDetail > disables contact button for sold listings
Fetched details for 0 listings
Looking for seller: testuser
Current listing user_netid: testuser, user_email: test@nyu.edu
Seller stats calculated: {
  sellerUsername: 'testuser',
  totalListings: 1,
  activeCount: 0,
  soldCount: 1,
  listingStatuses: [ { id: 123, status: 'sold' } ]
}

stdout | src/pages/ListingDetail.test.jsx > ListingDetail > navigates to seller profile when seller card is clicked
Navigating to seller profile: {
  sellerUsername: 'testuser',
  user_netid: 'testuser',
  user_email: 'test@nyu.edu',
  listing_id: 123
}

stdout | src/pages/ListingDetail.test.jsx > ListingDetail > navigates to seller profile when seller card is clicked
Fetched page 1: {
  responseType: 'object',
  response: { results: [], count: 0 },
  resultsCount: 0,
  hasNext: false,
  totalCount: 0,
  listingIds: []
}
Total listings fetched from all pages: 0
All listing IDs: []

stdout | src/pages/ListingDetail.test.jsx > ListingDetail > navigates to seller profile when seller card is clicked
Fetched details for 0 listings
Looking for seller: testuser
Current listing user_netid: testuser, user_email: test@nyu.edu

stdout | src/pages/ListingDetail.test.jsx > ListingDetail > handles listing with user_email but no user_netid
Fetched page 1: {
  responseType: 'object',
  response: { results: [], count: 0 },
  resultsCount: 0,
  hasNext: false,
  totalCount: 0,
  listingIds: []
}
Total listings fetched from all pages: 0
All listing IDs: []

stdout | src/pages/ListingDetail.test.jsx > ListingDetail > handles listing with user_email but no user_netid
Fetched details for 0 listings
Looking for seller: seller
Current listing user_netid: null, user_email: seller@nyu.edu
Seller stats calculated: {
  sellerUsername: 'seller',
  totalListings: 1,
  activeCount: 1,
  soldCount: 0,
  listingStatuses: [ { id: 123, status: 'active' } ]
}

stdout | src/pages/ListingDetail.test.jsx > ListingDetail > handles error when toggling watchlist fails
Fetched page 1: {
  responseType: 'object',
  response: { results: [], count: 0 },
  resultsCount: 0,
  hasNext: false,
  totalCount: 0,
  listingIds: []
}
Total listings fetched from all pages: 0
All listing IDs: []

stdout | src/pages/ListingDetail.test.jsx > ListingDetail > handles error when toggling watchlist fails
Fetched details for 0 listings
Looking for seller: testuser
Current listing user_netid: testuser, user_email: test@nyu.edu
Seller stats calculated: {
  sellerUsername: 'testuser',
  totalListings: 1,
  activeCount: 1,
  soldCount: 0,
  listingStatuses: [ { id: 123, status: 'active' } ]
}

stderr | src/pages/ListingDetail.test.jsx > ListingDetail > handles error when toggling watchlist fails
Failed to toggle save: Error: Failed
    at D:/team3-mon-fall25/frontend/src/pages/ListingDetail.test.jsx:491:51
    at file:///D:/team3-mon-fall25/frontend/node_modules/@vitest/runner/dist/index.js:157:11
    at file:///D:/team3-mon-fall25/frontend/node_modules/@vitest/runner/dist/index.js:753:26
    at file:///D:/team3-mon-fall25/frontend/node_modules/@vitest/runner/dist/index.js:1636:20
    at new Promise (<anonymous>)
    at runWithTimeout (file:///D:/team3-mon-fall25/frontend/node_modules/@vitest/runner/dist/index.js:1602:10)
    at runTest (file:///D:/team3-mon-fall25/frontend/node_modules/@vitest/runner/dist/index.js:1309:12)
    at runSuite (file:///D:/team3-mon-fall25/frontend/node_modules/@vitest/runner/dist/index.js:1468:8)
    at runSuite (file:///D:/team3-mon-fall25/frontend/node_modules/@vitest/runner/dist/index.js:1468:8)
    at runFiles (file:///D:/team3-mon-fall25/frontend/node_modules/@vitest/runner/dist/index.js:1526:3)

stdout | src/pages/ListingDetail.test.jsx > ListingDetail > handles listing without description
Fetched page 1: {
  responseType: 'object',
  response: { results: [], count: 0 },
  resultsCount: 0,
  hasNext: false,
  totalCount: 0,
  listingIds: []
}
Total listings fetched from all pages: 0
All listing IDs: []

stdout | src/pages/ListingDetail.test.jsx > ListingDetail > handles listing without description
Fetched details for 0 listings
Looking for seller: testuser
Current listing user_netid: testuser, user_email: test@nyu.edu
Seller stats calculated: {
  sellerUsername: 'testuser',
  totalListings: 1,
  activeCount: 1,
  soldCount: 0,
  listingStatuses: [ { id: 123, status: 'active' } ]
}

stdout | src/pages/ListingDetail.test.jsx > ListingDetail > handles listing without location
Fetched page 1: {
  responseType: 'object',
  response: { results: [], count: 0 },
  resultsCount: 0,
  hasNext: false,
  totalCount: 0,
  listingIds: []
}
Total listings fetched from all pages: 0
All listing IDs: []

stdout | src/pages/ListingDetail.test.jsx > ListingDetail > handles listing without location
Fetched details for 0 listings
Looking for seller: testuser
Current listing user_netid: testuser, user_email: test@nyu.edu
Seller stats calculated: {
  sellerUsername: 'testuser',
  totalListings: 1,
  activeCount: 1,
  soldCount: 0,
  listingStatuses: [ { id: 123, status: 'active' } ]
}

 Γ£ô src/pages/ListingDetail.test.jsx (22 tests) 20004ms
     Γ£ô displays listing details when loaded  672ms
     Γ£ô navigates back when back button is clicked  8108ms
     Γ£ô handles listing with no images  365ms
     Γ£ô navigates images with next/previous buttons  962ms
     Γ£ô opens and closes lightbox when clicking main image  1321ms
     Γ£ô navigates images in lightbox with keyboard  691ms
     Γ£ô navigates images using thumbnail clicks  400ms
     Γ£ô toggles watchlist save button  818ms
     Γ£ô removes from watchlist when already saved  581ms
     Γ£ô redirects to login when saving without authentication  446ms
     Γ£ô opens contact seller modal  471ms
     Γ£ô handles price as number  604ms
     Γ£ô handles price as string  856ms
     Γ£ô disables contact button for sold listings  676ms
     Γ£ô navigates to seller profile when seller card is clicked  764ms
     Γ£ô handles listing with user_email but no user_netid  333ms
     Γ£ô handles error when toggling watchlist fails  684ms
     Γ£ô handles listing without description  330ms
     Γ£ô handles listing without location  370ms
 Γ£ô src/pages/BrowseListings.test.jsx (2 tests) 13361ms
     Γ£ô shows listings and allows searching  11254ms
     Γ£ô syncs search query with URL  2079ms
stderr | src/components/chat/ChatWindow.test.jsx
Could not parse CSS stylesheet

stderr | src/components/chat/ChatWindow.test.jsx
Could not parse CSS stylesheet

stderr | src/components/chat/ChatWindow.test.jsx
Could not parse CSS stylesheet

stderr | src/components/chat/ChatWindow.test.jsx
Could not parse CSS stylesheet

stderr | src/pages/Watchlist.test.jsx > Watchlist > displays error state on API failure
Failed to load watchlist: Error: Network error
    at D:/team3-mon-fall25/frontend/src/pages/Watchlist.test.jsx:94:49
    at file:///D:/team3-mon-fall25/frontend/node_modules/@vitest/runner/dist/index.js:157:11
    at file:///D:/team3-mon-fall25/frontend/node_modules/@vitest/runner/dist/index.js:753:26
    at file:///D:/team3-mon-fall25/frontend/node_modules/@vitest/runner/dist/index.js:1636:20
    at new Promise (<anonymous>)
    at runWithTimeout (file:///D:/team3-mon-fall25/frontend/node_modules/@vitest/runner/dist/index.js:1602:10)
    at runTest (file:///D:/team3-mon-fall25/frontend/node_modules/@vitest/runner/dist/index.js:1309:12)
    at runSuite (file:///D:/team3-mon-fall25/frontend/node_modules/@vitest/runner/dist/index.js:1468:8)
    at runSuite (file:///D:/team3-mon-fall25/frontend/node_modules/@vitest/runner/dist/index.js:1468:8)
    at runFiles (file:///D:/team3-mon-fall25/frontend/node_modules/@vitest/runner/dist/index.js:1526:3)

stderr | src/pages/Watchlist.test.jsx > Watchlist > retries loading when retry button is clicked
Failed to load watchlist: Error: Network error
    at D:/team3-mon-fall25/frontend/src/pages/Watchlist.test.jsx:110:30
    at file:///D:/team3-mon-fall25/frontend/node_modules/@vitest/runner/dist/index.js:157:11
    at file:///D:/team3-mon-fall25/frontend/node_modules/@vitest/runner/dist/index.js:753:26
    at file:///D:/team3-mon-fall25/frontend/node_modules/@vitest/runner/dist/index.js:1636:20
    at new Promise (<anonymous>)
    at runWithTimeout (file:///D:/team3-mon-fall25/frontend/node_modules/@vitest/runner/dist/index.js:1602:10)
    at runTest (file:///D:/team3-mon-fall25/frontend/node_modules/@vitest/runner/dist/index.js:1309:12)
    at runSuite (file:///D:/team3-mon-fall25/frontend/node_modules/@vitest/runner/dist/index.js:1468:8)
    at runSuite (file:///D:/team3-mon-fall25/frontend/node_modules/@vitest/runner/dist/index.js:1468:8)
    at runFiles (file:///D:/team3-mon-fall25/frontend/node_modules/@vitest/runner/dist/index.js:1526:3)

 Γ£ô src/components/chat/ChatWindow.test.jsx (14 tests) 10497ms
       Γ£ô renders conversation header with user info  2293ms
       Γ£ô renders listing info when available  619ms
       Γ£ô renders messages  669ms
       Γ£ô renders message input  398ms
       Γ£ô groups messages by date  497ms
       Γ£ô calls onSendMessage when message is sent  2894ms
       Γ£ô calls onListingClick when listing is clicked  737ms
       Γ£ô calls onBack when back button is clicked  954ms
       Γ£ô shows own messages on the right  310ms
       Γ£ô handles messages with created_at instead of timestamp  343ms
 Γ£ô src/pages/Watchlist.test.jsx (9 tests) 8814ms
     Γ£ô renders loading state initially  2973ms
     Γ£ô displays listings when loaded  901ms
     Γ£ô displays empty state when no listings  528ms
     Γ£ô displays error state on API failure  393ms
     Γ£ô retries loading when retry button is clicked  917ms
     Γ£ô removes listing from watchlist when remove button is clicked  1011ms
     Γ£ô navigates to listing detail when listing card is clicked  600ms
     Γ£ô handles error when remove from watchlist fails  825ms
     Γ£ô handles listings with null status  647ms
stderr | src/pages/MyListings.test.jsx > MyListings > displays error state on API failure
Failed to load listings: Error: Network error
    at D:/team3-mon-fall25/frontend/src/pages/MyListings.test.jsx:111:49
    at file:///D:/team3-mon-fall25/frontend/node_modules/@vitest/runner/dist/index.js:157:11
    at file:///D:/team3-mon-fall25/frontend/node_modules/@vitest/runner/dist/index.js:753:26
    at file:///D:/team3-mon-fall25/frontend/node_modules/@vitest/runner/dist/index.js:1636:20
    at new Promise (<anonymous>)
    at runWithTimeout (file:///D:/team3-mon-fall25/frontend/node_modules/@vitest/runner/dist/index.js:1602:10)
    at runTest (file:///D:/team3-mon-fall25/frontend/node_modules/@vitest/runner/dist/index.js:1309:12)
    at runSuite (file:///D:/team3-mon-fall25/frontend/node_modules/@vitest/runner/dist/index.js:1468:8)
    at runSuite (file:///D:/team3-mon-fall25/frontend/node_modules/@vitest/runner/dist/index.js:1468:8)
    at runFiles (file:///D:/team3-mon-fall25/frontend/node_modules/@vitest/runner/dist/index.js:1526:3)

stderr | src/pages/MyListings.test.jsx > MyListings > retries loading when retry button is clicked
Failed to load listings: Error: Network error
    at D:/team3-mon-fall25/frontend/src/pages/MyListings.test.jsx:127:30
    at file:///D:/team3-mon-fall25/frontend/node_modules/@vitest/runner/dist/index.js:157:11
    at file:///D:/team3-mon-fall25/frontend/node_modules/@vitest/runner/dist/index.js:753:26
    at file:///D:/team3-mon-fall25/frontend/node_modules/@vitest/runner/dist/index.js:1636:20
    at new Promise (<anonymous>)
    at runWithTimeout (file:///D:/team3-mon-fall25/frontend/node_modules/@vitest/runner/dist/index.js:1602:10)
    at runTest (file:///D:/team3-mon-fall25/frontend/node_modules/@vitest/runner/dist/index.js:1309:12)
    at runSuite (file:///D:/team3-mon-fall25/frontend/node_modules/@vitest/runner/dist/index.js:1468:8)
    at runSuite (file:///D:/team3-mon-fall25/frontend/node_modules/@vitest/runner/dist/index.js:1468:8)
    at runFiles (file:///D:/team3-mon-fall25/frontend/node_modules/@vitest/runner/dist/index.js:1526:3)

stderr | src/pages/MyListings.test.jsx > MyListings > handles error when marking as sold fails
Failed to mark as sold: Error: Failed to update
    at D:/team3-mon-fall25/frontend/src/pages/MyListings.test.jsx:263:48
    at file:///D:/team3-mon-fall25/frontend/node_modules/@vitest/runner/dist/index.js:157:11
    at file:///D:/team3-mon-fall25/frontend/node_modules/@vitest/runner/dist/index.js:753:26
    at file:///D:/team3-mon-fall25/frontend/node_modules/@vitest/runner/dist/index.js:1636:20
    at new Promise (<anonymous>)
    at runWithTimeout (file:///D:/team3-mon-fall25/frontend/node_modules/@vitest/runner/dist/index.js:1602:10)
    at runTest (file:///D:/team3-mon-fall25/frontend/node_modules/@vitest/runner/dist/index.js:1309:12)
    at runSuite (file:///D:/team3-mon-fall25/frontend/node_modules/@vitest/runner/dist/index.js:1468:8)
    at runSuite (file:///D:/team3-mon-fall25/frontend/node_modules/@vitest/runner/dist/index.js:1468:8)
    at runFiles (file:///D:/team3-mon-fall25/frontend/node_modules/@vitest/runner/dist/index.js:1526:3)

stderr | src/pages/MyListings.test.jsx > MyListings > handles error when delete fails
Failed to delete listing: Error: Failed to delete
    at D:/team3-mon-fall25/frontend/src/pages/MyListings.test.jsx:291:52
    at file:///D:/team3-mon-fall25/frontend/node_modules/@vitest/runner/dist/index.js:157:11
    at file:///D:/team3-mon-fall25/frontend/node_modules/@vitest/runner/dist/index.js:753:26
    at file:///D:/team3-mon-fall25/frontend/node_modules/@vitest/runner/dist/index.js:1636:20
    at new Promise (<anonymous>)
    at runWithTimeout (file:///D:/team3-mon-fall25/frontend/node_modules/@vitest/runner/dist/index.js:1602:10)
    at runTest (file:///D:/team3-mon-fall25/frontend/node_modules/@vitest/runner/dist/index.js:1309:12)
    at runSuite (file:///D:/team3-mon-fall25/frontend/node_modules/@vitest/runner/dist/index.js:1468:8)
    at runSuite (file:///D:/team3-mon-fall25/frontend/node_modules/@vitest/runner/dist/index.js:1468:8)
    at runFiles (file:///D:/team3-mon-fall25/frontend/node_modules/@vitest/runner/dist/index.js:1526:3)

 Γ£ô src/pages/MyListings.test.jsx (13 tests) 8916ms
     Γ£ô renders loading state initially  1883ms
     Γ£ô displays listings when loaded  596ms
     Γ£ô displays empty state when no listings  603ms
     Γ£ô navigates to create listing when button is clicked  501ms
     Γ£ô displays error state on API failure  463ms
     Γ£ô retries loading when retry button is clicked  601ms
     Γ£ô marks listing as sold when Mark as Sold is clicked  475ms
     Γ£ô navigates to edit page when Edit is clicked  357ms
     Γ£ô deletes listing when Delete is clicked and confirmed  681ms
     Γ£ô does not delete listing when confirmation is cancelled  581ms
     Γ£ô navigates to listing detail when listing card is clicked  448ms
     Γ£ô handles error when marking as sold fails  802ms
     Γ£ô handles error when delete fails  900ms
stderr | src/pages/BrowseListings.cover.test.jsx > BrowseListings (coverage tests) > shows error block when API throws
Error loading listings: Error: network failure
    at D:/team3-mon-fall25/frontend/src/pages/BrowseListings.cover.test.jsx:34:35
    at file:///D:/team3-mon-fall25/frontend/node_modules/@vitest/runner/dist/index.js:157:11
    at file:///D:/team3-mon-fall25/frontend/node_modules/@vitest/runner/dist/index.js:753:26
    at file:///D:/team3-mon-fall25/frontend/node_modules/@vitest/runner/dist/index.js:1636:20
    at new Promise (<anonymous>)
    at runWithTimeout (file:///D:/team3-mon-fall25/frontend/node_modules/@vitest/runner/dist/index.js:1602:10)
    at runTest (file:///D:/team3-mon-fall25/frontend/node_modules/@vitest/runner/dist/index.js:1309:12)
    at runSuite (file:///D:/team3-mon-fall25/frontend/node_modules/@vitest/runner/dist/index.js:1468:8)
    at runSuite (file:///D:/team3-mon-fall25/frontend/node_modules/@vitest/runner/dist/index.js:1468:8)
    at runFiles (file:///D:/team3-mon-fall25/frontend/node_modules/@vitest/runner/dist/index.js:1526:3)

 Γ£ô src/pages/BrowseListings.cover.test.jsx (3 tests) 6284ms
     Γ£ô shows empty state when API returns no results  3396ms
     Γ£ô shows error block when API throws  1603ms
     Γ£ô shows listings when API returns results  1275ms
stderr | src/components/chat/ConversationItem.test.jsx
Could not parse CSS stylesheet

 Γ£ô src/pages/BrowseListings.sort.test.jsx (1 test) 4722ms
     Γ£ô updates ordering when sort selection changes  4702ms
 Γ£ô src/components/chat/ConversationItem.test.jsx (36 tests) 6471ms
       Γ£ô renders conversation title  905ms
       Γ£ô calls onClick when clicked  1803ms
       Γ£ô formats old timestamps correctly  312ms
 Γ£ô src/components/ListingCardBuyer.test.jsx (3 tests) 4480ms
     Γ£ô renders title, price and fires onClick  3924ms
     Γ£ô shows sold badge when status is sold and displays image when provided  368ms
 Γ£ô src/components/ContactSellerModal.test.jsx (14 tests) 1530ms
 Γ£ô src/components/browse/Pagination.test.jsx (8 tests) 6247ms
     Γ£ô renders pagination with current page and max page  1765ms
     Γ£ô calls onPrev when previous button is clicked  366ms
     Γ£ô disables previous button when on first page  1773ms
     Γ£ô disables next button when on last page  783ms
     Γ£ô enables both buttons when on middle page  921ms
 Γ£ô src/pages/BrowseListings.advanced.test.jsx (1 test) 4133ms
     Γ£ô calls getListings with mapped ordering, posted_within and available_only when URL params set  4104ms
 Γ£ô src/components/browse/Filters.test.jsx (3 tests) 6391ms
     Γ£ô renders results count and category checkboxes, calls onChange when category toggled  2591ms
     Γ£ô updates price range and triggers onChange  2889ms
     Γ£ô toggles dorm checkbox and available-only toggle  881ms
 Γ£ô src/components/common/ErrorBlock.test.jsx (2 tests) 2752ms
     Γ£ô renders default message and does not show retry when no callback  761ms
     Γ£ô renders message and calls retry callback when provided  1969ms
stderr | src/contexts/AuthContext.test.jsx > AuthContext > login function > stores tokens and user data in localStorage
An update to AuthProvider inside a test was not wrapped in act(...).

When testing, code that causes React state updates should be wrapped into act(...):

act(() => {
  /* fire events that update state */
});
/* assert on the output */

This ensures that you're testing the behavior the user would see in the browser. Learn more at 
https://react.dev/link/wrap-tests-with-act
An update to AuthProvider inside a test was not wrapped in act(...).

When testing, code that causes React state updates should be wrapped into act(...):

act(() => {
  /* fire events that update state */
});
/* assert on the output */

This ensures that you're testing the behavior the user would see in the browser. Learn more at 
https://react.dev/link/wrap-tests-with-act

stderr | src/contexts/AuthContext.test.jsx > AuthContext > login function > updates authentication state after login
An update to AuthProvider inside a test was not wrapped in act(...).

When testing, code that causes React state updates should be wrapped into act(...):

act(() => {
  /* fire events that update state */
});
/* assert on the output */

This ensures that you're testing the behavior the user would see in the browser. Learn more at 
https://react.dev/link/wrap-tests-with-act
An update to AuthProvider inside a test was not wrapped in act(...).

When testing, code that causes React state updates should be wrapped into act(...):

act(() => {
  /* fire events that update state */
});
/* assert on the output */

This ensures that you're testing the behavior the user would see in the browser. Learn more at 
https://react.dev/link/wrap-tests-with-act

stderr | src/contexts/AuthContext.test.jsx > AuthContext > logout function > clears tokens and user data from 
localStorage
An update to AuthProvider inside a test was not wrapped in act(...).

When testing, code that causes React state updates should be wrapped into act(...):

act(() => {
  /* fire events that update state */
});
/* assert on the output */

This ensures that you're testing the behavior the user would see in the browser. Learn more at 
https://react.dev/link/wrap-tests-with-act
An update to AuthProvider inside a test was not wrapped in act(...).

When testing, code that causes React state updates should be wrapped into act(...):

act(() => {
  /* fire events that update state */
});
/* assert on the output */

This ensures that you're testing the behavior the user would see in the browser. Learn more at 
https://react.dev/link/wrap-tests-with-act

 Γ£ô src/contexts/AuthContext.test.jsx (13 tests) 1892ms
       Γ£ô throws error when used outside AuthProvider  446ms
       Γ£ô initializes with null user and token when localStorage is empty  317ms
 Γ£ô src/components/SellerCard.test.jsx (10 tests) 1296ms
     Γ£ô renders seller information correctly  603ms
 Γ£ô src/components/browse/SortSelect.test.jsx (1 test) 2133ms
     Γ£ô renders options and calls onChange when selection changes  2098ms
stderr | src/components/chat/MessageBubble.test.jsx
Could not parse CSS stylesheet

 Γ£ô src/components/chat/MessageBubble.test.jsx (22 tests) 1067ms
       Γ£ô renders own message correctly  440ms
 Γ£ô src/api/watchlist.test.js (8 tests) 156ms
stderr | src/components/chat/UserInfoBlock.test.jsx
Could not parse CSS stylesheet

 Γ£ô src/components/ProtectedRoute.test.jsx (7 tests) 1531ms
       Γ£ô displays loading message when isLoading is true  883ms
 Γ£ô src/utils/fileUtils.test.js (18 tests) 49ms
 Γ£ô src/components/chat/UserInfoBlock.test.jsx (14 tests) 986ms
       Γ£ô renders user name correctly  567ms

ΓÄ»ΓÄ»ΓÄ»ΓÄ»ΓÄ»ΓÄ»ΓÄ» Failed Tests 8 ΓÄ»ΓÄ»ΓÄ»ΓÄ»ΓÄ»ΓÄ»ΓÄ»

 FAIL  src/components/chat/ChatModal.test.jsx > ChatModal > Rendering > renders chat window when conversation is 
selected
Error: expect(received).toBeInTheDocument()

received value must be an HTMLElement or an SVGElement.
Received has type:  Undefined
Received has value: undefined
 Γ¥» src/components/chat/ChatModal.test.jsx:132:31
    130|         el.classList.contains("user-info-block__name")
    131|       );
    132|       expect(chatWindowAlice).toBeInTheDocument();
       |                               ^
    133|     });
    134| 

ΓÄ»ΓÄ»ΓÄ»ΓÄ»ΓÄ»ΓÄ»ΓÄ»ΓÄ»ΓÄ»ΓÄ»ΓÄ»ΓÄ»ΓÄ»ΓÄ»ΓÄ»ΓÄ»ΓÄ»ΓÄ»ΓÄ»ΓÄ»ΓÄ»ΓÄ»ΓÄ»ΓÄ»[1/8]ΓÄ»

 FAIL  src/components/chat/ChatModal.test.jsx > ChatModal > User interactions > calls onSendMessage when message is 
sent
TestingLibraryElementError: Unable to find an element with the placeholder text of: Type a message...

Ignored nodes: comments, script, style
[36m<body>[39m
  [36m<div>[39m
    [36m<div[39m
      [33mclass[39m=[32m"chat-modal chat-modal--windowed chat-modal--collapsed"[39m
      [33mstyle[39m=[32m"position: fixed; left: 624px; top: 64px; width: 400px; height: calc(100vh - 64px); margin: 
0px; pointer-events: auto; z-index: 1001; transition: left 0.3s ease;"[39m
    [36m>[39m
      [36m<div[39m
        [33mclass[39m=[32m"chat-modal__header"[39m
      [36m>[39m
        [36m<div[39m
          [33mclass[39m=[32m"chat-modal__header-left"[39m
        [36m>[39m
          [36m<svg[39m
            [33mclass[39m=[32m"chat-modal__icon"[39m
            [33mfill[39m=[32m"currentColor"[39m
            [33mheight[39m=[32m"1em"[39m
            [33mstroke[39m=[32m"currentColor"[39m
            [33mstroke-width[39m=[32m"0"[39m
            [33mviewBox[39m=[32m"0 0 576 512"[39m
            [33mwidth[39m=[32m"1em"[39m
            [33mxmlns[39m=[32m"http://www.w3.org/2000/svg"[39m
          [36m>[39m
            [36m<path[39m
              [33md[39m=[32m"M416 192c0-88.4-93.1-160-208-160S0 103.6 0 192c0 34.3 14.1 65.9 38 92-13.4 30.2-35.5 
54.2-35.8 54.5-2.2 2.3-2.8 5.7-1.5 8.7S4.8 352 8 352c36.6 0 66.9-12.3 88.7-25 32.2 15.7 70.3 25 111.3 25 114.9 0 
208-71.6 208-160zm122 220c23.9-26 38-57.7 38-92 0-66.9-53.5-124.2-129.3-148.1.9 6.6 1.3 13.3 1.3 20.1 0 105.9-107.7 
192-240 192-10.8 0-21.3-.8-31.7-1.9C207.8 439.6 281.8 480 368 480c41 0 79.1-9.2 111.3-25 21.8 12.7 52.1 25 88.7 25 3.2 
0 6.1-1.9 7.3-4.8 1.3-2.9.7-6.3-1.5-8.7-.3-.3-22.4-24.2-35.8-54.5z"[39m
            [36m/>[39m
          [36m</svg>[39m
          [36m<h2[39m
            [33mclass[39m=[32m"chat-modal__title"[39m
          [36m>[39m
            [0mMessages[0m
          [36m</h2>[39m
        [36m</div>[39m
        [36m<div[39m
          [33mclass[39m=[32m"chat-modal__header-actions"[39m
        [36m>[39m
          [36m<button[39m
            [33maria-label[39m=[32m"Maximize"[39m
            [33mclass[39m=[32m"chat-modal__action-button"[39m
            [33mtitle[39m=[32m"Maximize"[39m
          [36m>[39m
            [36m<svg[39m
              [33mfill[39m=[32m"currentColor"[39m
              [33mheight[39m=[32m"1em"[39m
              [33mstroke[39m=[32m"currentColor"[39m
              [33mstroke-width[39m=[32m"0"[39m
              [33mviewBox[39m=[32m"0 0 448 512"[39m
              [33mwidth[39m=[32m"1em"[39m
              [33mxmlns[39m=[32m"http://www.w3.org/2000/svg"[39m
            [36m>[39m
              [36m<path[39m
                [33md[39m=[32m"M0 180V56c0-13.3 10.7-24 24-24h124c6.6 0 12 5.4 12 12v40c0 6.6-5.4 12-12 12H64v84c0 
6.6-5.4 12-12 12H12c-6.6 0-12-5.4-12-12zM288 44v40c0 6.6 5.4 12 12 12h84v84c0 6.6 5.4 12 12 12h40c6.6 0 12-5.4 
12-12V56c0-13.3-10.7-24-24-24H300c-6.6 0-12 5.4-12 12zm148 276h-40c-6.6 0-12 5.4-12 12v84h-84c-6.6 0-12 5.4-12 12v40c0 
6.6 5.4 12 12 12h124c13.3 0 24-10.7 24-24V332c0-6.6-5.4-12-12-12zM160 
468v-40c0-6.6-5.4-12-12-12H64v-84c0-6.6-5.4-12-12-12H12c-6.6 0-12 5.4-12 12v124c0 13.3 10.7 24 24 24h124c6.6 0 12-5.4 
12-12z"[39m
              [36m/>[39m
            [36m</svg>[39m
          [36m</button>[39m
          [36m<button[39m
            [33maria-label[39m=[32m"Close"[39m
            [33mclass[39m=[32m"chat-modal__close-button"[39m
          [36m>[39m
            [36m<svg[39m
              [33mfill[39m=[32m"currentColor"[39m
              [33mheight[39m=[32m"1em"[39m
              [33mstroke[39m=[32m"currentColor"[39m
              [33mstroke-width[39m=[32m"0"[39m
              [33mviewBox[39m=[32m"0 0 352 512"[39m
              [33mwidth[39m=[32m"1em"[39m
              [33mxmlns[39m=[32m"http://www.w3.org/2000/svg"[39m
            [36m>[39m
              [36m<path[39m
                [33md[39m=[32m"M242.72 256l100.07-100.07c12.28-12.28 12.28-32.19 
0-44.48l-22.24-22.24c-12.28-12.28-32.19-12.28-44.48 0L176 189.28 75.93 89.21c-12.28-12.28-32.19-12.28-44.48 0L9.21 
111.45c-12.28 12.28-12.28 32.19 0 44.48L109.28 256 9.21 356.07c-12.28 12.28-12.28 32.19 0 44.48l22.24 22.24c12.28 
12.28 32.2 12.28 44.48 0L176 322.72l100.07 100.07c12.28 12.28 32.2 12.28 44.48 0l22.24-22.24c12.28-12.28 12.28-32.19 
0-44.48L242.72 256z"[39m
              [36m/>[39m
            [36m</svg>[39m
          [36m</button>[39m
        [36m</div>[39m
      [36m</div>[39m
      [36m<div[39m
        [33mclass[39m=[32m"chat-modal__content"[39m
      [36m>[39m
        [36m<div[39m
          [33mclass[39m=[32m"chat-modal__panel chat-modal__panel--full"[39m
        [36m>[39m
          [36m<div[39m
            [33mclass[39m=[32m"conversation-list"[39m
          [36m>[39m
            [36m<div[39m
              [33mclass[39m=[32m"conversation-list__search"[39m
            [36m>[39m
              [36m<svg[39m
                [33mclass[39m=[32m"conversation-list__search-icon"[39m
                [33mfill[39m=[32m"currentColor"[39m
                [33mheight[39m=[32m"1em"[39m
                [33mstroke[39m=[32m"currentColor"[39m
                [33mstroke-width[39m=[32m"0"[39m
                [33mviewBox[39m=[32m"0 0 512 512"[39m
                [33mwidth[39m=[32m"1em"[39m
                [33mxmlns[39m=[32m"http://www.w3.org/2000/svg"[39m
              [36m>[39m
                [36m<path[39m
                  [33md[39m=[32m"M505 442.7L405.3 343c-4.5-4.5-10.6-7-17-7H372c27.6-35.3 44-79.7 44-128C416 93.1 
322.9 0 208 0S0 93.1 0 208s93.1 208 208 208c48.3 0 92.7-16.4 128-44v16.3c0 6.4 2.5 12.5 7 17l99.7 99.7c9.4 9.4 24.6 
9.4 33.9 0l28.3-28.3c9.4-9.4 9.4-24.6.1-34zM208 336c-70.7 0-128-57.2-128-128 0-70.7 57.2-128 128-128 70.7 0 128 57.2 
128 128 0 70.7-57.2 128-128 128z"[39m
                [36m/>[39m
              [36m</svg>[39m
              [36m<input[39m
                [33mclass[39m=[32m"conversation-list__search-input"[39m
                [33mplaceholder[39m=[32m"Search conversations..."[39m
                [33mtype[39m=[32m"text"[39m
                [33mvalue[39m=[32m""[39m
              [36m/>[39m
            [36m</div>[39m
            [36m<div[39m
              [33mclass[39m=[32m"conversation-list__filters"[39m
            [36m>[39m
              [36m<button[39m
                [33mclass[39m=[32m"conversation-list__filter-tab conversation-list__filter-tab--active"[39m
              [36m>[39m
                [0mAll[0m
              [36m</button>[39m
              [36m<button[39m
                [33mclass[39m=[32m"conversation-list__filter-tab "[39m
              [36m>[39m
                [0mBuying[0m
              [36m</button>[39m
              [36m<button[39m
                [33mclass[39m=[32m"conversation-list__filter-tab "[39m
              [36m>[39m
                [0mSelling[0m
              [36m</button>[39m
            [36m</div>[39m
            [36m<div[39m
              [33mclass[39m=[32m"conversation-list__items"[39m
            [36m>[39m
              [36m<button[39m
                [33mclass[39m=[32m"conversation-item conversation-item--active conversation-item--unread"[39m
              [36m>[39m
                [36m<div[39m
                  [33mclass[39m=[32m"conversation-item__content"[39m
                [36m>[39m
                  [36m<div[39m
                    [33mclass[39m=[32m"conversation-item__thumbnail"[39m
                  [36m>[39m
                    [36m<div[39m
                      [33mclass[39m=[32m"conversation-item__thumbnail-placeholder"[39m
                    [36m>[39m
                      [0mL[0m
                    [36m</div>[39m
                  [36m</div>[39m
                  [36m<div[39m
                    [33mclass[39m=[32m"conversation-item__info"[39m
                  [36m>[39m
                    [36m<div[39m
                      [33mclass[39m=[32m"conversation-item__header"[39m
                    [36m>[39m
                      [36m<h3[39m
                        [33mclass[39m=[32m"conversation-item__title conversation-item__title--unread"[39m
                      [36m>[39m
                        [0mLaptop[0m
                      [36m</h3>[39m
                    [36m</div>[39m
                    [36m<div[39m
                      [33mclass[39m=[32m"conversation-item__user-row"[39m
                    [36m>[39m
                      [36m<span[39m
                        [33mclass[39m=[32m"conversation-item__username conversation-item__username--unread"[39m
                      [36m>[39m
                        [0mAlice[0m
                      [36m</span>[39m
                    [36m</div>[39m
                    [36m<div[39m
                      [33mclass[39m=[32m"conversation-item__message-row"[39m
                    [36m>[39m
                      [36m<p[39m
                        [33mclass[39m=[32m"conversation-item__preview conversation-item__preview--unread"[39m
                      [36m>[39m
                        [36m<span[39m
                          [33mclass[39m=[32m"conversation-item__you-label"[39m
                        [36m>[39m
                          [0mYou: [0m
                        [36m</span>[39m
                        [0mStart the conversationΓÇª[0m
                      [36m</p>[39m
                      [36m<span[39m
                        [33mclass[39m=[32m"conversation-item__badge"[39m
                      [36m>[39m
                        [0m2[0m
                      [36m</span>[39m
                    [36m</div>[39m
                  [36m</div>[39m
                [36m</div>[39m
              [36m</button>[39m
              [36m<button[39m
                [33mclass[39m=[32m"conversation-item  "[39m
              [36m>[39m
                [36m<div[39m
                  [33mclass[39m=[32m"conversation-item__content"[39m
                [36m>[39m
                  [36m<div[39m
                    [33mclass[39m=[32m"conversation-item__thumbnail"[39m
                  [36m>[39m
                    [36m<div[39m
                      [33mclass[39m=[32m"conversation-item__thumbnail-placeholder"[39m
                    [36m>[39m
                      [0mP[0m
                    [36m</div>[39m
                  [36m</div>[39m
                  [36m<div[39m
                    [33mclass[39m=[32m"conversation-item__info"[39m
                  [36m>[39m
                    [36m<div[39m
                      [33mclass[39m=[32m"conversation-item__header"[39m
                    [36m>[39m
                      [36m<h3[39m
                        [33mclass[39m=[32m"conversation-item__title "[39m
                      [36m>[39m
                        [0mPhone[0m
                      [36m</h3>[39m
                    [36m</div>[39m
                    [36m<div[39m
                      [33mclass[39m=[32m"conversation-item__user-row"[39m
                    [36m>[39m
                      [36m<span[39m
                        [33mclass[39m=[32m"conversation-item__username "[39m
                      [36m>[39m
                        [0mBob[0m
                      [36m</span>[39m
                    [36m</div>[39m
                    [36m<div[39m
                      [33mclass[39m=[32m"conversation-item__message-row"[39m
                    [36m>[39m
                      [36m<p[39m
                        [33mclass[39m=[32m"conversation-item__preview "[39m
                      [36m>[39m
                        [36m<span[39m
                          [33mclass[39m=[32m"conversation-item__you-label"[39m
                        [36m>[39m
                          [0mYou: [0m
                        [36m</span>[39m
                        [0mStart the conversationΓÇª[0m
                      [36m</p>[39m
                    [36m</div>[39m
                  [36m</div>[39m
                [36m</div>[39m
              [36m</button>[39m
            [36m</div>[39m
          [36m</div>[39m
        [36m</div>[39m
      [36m</div>[39m
    [36m</div>[39m
  [36m</div>[39m
[36m</body>[39m
 Γ¥» Object.getElementError node_modules/@testing-library/dom/dist/config.js:37:19
 Γ¥» node_modules/@testing-library/dom/dist/query-helpers.js:76:38
 Γ¥» node_modules/@testing-library/dom/dist/query-helpers.js:52:17
 Γ¥» node_modules/@testing-library/dom/dist/query-helpers.js:95:19
 Γ¥» src/components/chat/ChatModal.test.jsx:203:28
    201|         />
    202|       );
    203|       const input = screen.getByPlaceholderText("Type a message...");
       |                            ^
    204|       await user.type(input, "Test message{Enter}");
    205|       expect(mockOnSendMessage).toHaveBeenCalledWith("1", "Test messagΓÇª

ΓÄ»ΓÄ»ΓÄ»ΓÄ»ΓÄ»ΓÄ»ΓÄ»ΓÄ»ΓÄ»ΓÄ»ΓÄ»ΓÄ»ΓÄ»ΓÄ»ΓÄ»ΓÄ»ΓÄ»ΓÄ»ΓÄ»ΓÄ»ΓÄ»ΓÄ»ΓÄ»ΓÄ»[2/8]ΓÄ»

 FAIL  src/components/chat/ChatModal.test.jsx > ChatModal > User interactions > calls onListingClick when listing is 
clicked
Error: expect(received).toBeInTheDocument()

received value must be an HTMLElement or an SVGElement.
Received has type:  Undefined
Received has value: undefined
 Γ¥» src/components/chat/ChatModal.test.jsx:227:28
    225|         el.classList.contains("chat-window__listing-title")
    226|       );
    227|       expect(listingTitle).toBeInTheDocument();
       |                            ^
    228|       // Get the button that contains the listing title
    229|       const listingButton = listingTitle.closest("button");

ΓÄ»ΓÄ»ΓÄ»ΓÄ»ΓÄ»ΓÄ»ΓÄ»ΓÄ»ΓÄ»ΓÄ»ΓÄ»ΓÄ»ΓÄ»ΓÄ»ΓÄ»ΓÄ»ΓÄ»ΓÄ»ΓÄ»ΓÄ»ΓÄ»ΓÄ»ΓÄ»ΓÄ»[3/8]ΓÄ»

 FAIL  src/components/chat/ChatModal.test.jsx > ChatModal > Initial conversation > opens with first conversation when 
no initialConversationId
Error: expect(received).toBeInTheDocument()

received value must be an HTMLElement or an SVGElement.
Received has type:  Undefined
Received has value: undefined
 Γ¥» src/components/chat/ChatModal.test.jsx:278:31
    276|         el.classList.contains("user-info-block__name")
    277|       );
    278|       expect(chatWindowAlice).toBeInTheDocument();
       |                               ^
    279|     });
    280|   });

ΓÄ»ΓÄ»ΓÄ»ΓÄ»ΓÄ»ΓÄ»ΓÄ»ΓÄ»ΓÄ»ΓÄ»ΓÄ»ΓÄ»ΓÄ»ΓÄ»ΓÄ»ΓÄ»ΓÄ»ΓÄ»ΓÄ»ΓÄ»ΓÄ»ΓÄ»ΓÄ»ΓÄ»[4/8]ΓÄ»

 FAIL  src/components/chat/ChatModal.test.jsx > ChatModal > Conversation selection > calls onConversationSelect when 
conversation is selected and messages are available
AssertionError: expected "vi.fn()" to be called with arguments: [ '1' ]

Number of calls: 0


Ignored nodes: comments, script, style
[36m<html>[39m
  [36m<head />[39m
  [36m<body>[39m
    [36m<div>[39m
      [36m<div[39m
        [33mclass[39m=[32m"chat-modal chat-modal--windowed chat-modal--collapsed"[39m
        [33mstyle[39m=[32m"position: fixed; left: 624px; top: 64px; width: 400px; height: calc(100vh - 64px); 
margin: 0px; pointer-events: auto; z-index: 1001; transition: left 0.3s ease;"[39m
      [36m>[39m
        [36m<div[39m
          [33mclass[39m=[32m"chat-modal__header"[39m
        [36m>[39m
          [36m<div[39m
            [33mclass[39m=[32m"chat-modal__header-left"[39m
          [36m>[39m
            [36m<svg[39m
              [33mclass[39m=[32m"chat-modal__icon"[39m
              [33mfill[39m=[32m"currentColor"[39m
              [33mheight[39m=[32m"1em"[39m
              [33mstroke[39m=[32m"currentColor"[39m
              [33mstroke-width[39m=[32m"0"[39m
              [33mviewBox[39m=[32m"0 0 576 512"[39m
              [33mwidth[39m=[32m"1em"[39m
              [33mxmlns[39m=[32m"http://www.w3.org/2000/svg"[39m
            [36m>[39m
              [36m<path[39m
                [33md[39m=[32m"M416 192c0-88.4-93.1-160-208-160S0 103.6 0 192c0 34.3 14.1 65.9 38 92-13.4 30.2-35.5 
54.2-35.8 54.5-2.2 2.3-2.8 5.7-1.5 8.7S4.8 352 8 352c36.6 0 66.9-12.3 88.7-25 32.2 15.7 70.3 25 111.3 25 114.9 0 
208-71.6 208-160zm122 220c23.9-26 38-57.7 38-92 0-66.9-53.5-124.2-129.3-148.1.9 6.6 1.3 13.3 1.3 20.1 0 105.9-107.7 
192-240 192-10.8 0-21.3-.8-31.7-1.9C207.8 439.6 281.8 480 368 480c41 0 79.1-9.2 111.3-25 21.8 12.7 52.1 25 88.7 25 3.2 
0 6.1-1.9 7.3-4.8 1.3-2.9.7-6.3-1.5-8.7-.3-.3-22.4-24.2-35.8-54.5z"[39m
              [36m/>[39m
            [36m</svg>[39m
            [36m<h2[39m
              [33mclass[39m=[32m"chat-modal__title"[39m
            [36m>[39m
              [0mMessages[0m
            [36m</h2>[39m
          [36m</div>[39m
          [36m<div[39m
            [33mclass[39m=[32m"chat-modal__header-actions"[39m
          [36m>[39m
            [36m<button[39m
              [33maria-label[39m=[32m"Maximize"[39m
              [33mclass[39m=[32m"chat-modal__action-button"[39m
              [33mtitle[39m=[32m"Maximize"[39m
            [36m>[39m
              [36m<svg[39m
                [33mfill[39m=[32m"currentColor"[39m
                [33mheight[39m=[32m"1em"[39m
                [33mstroke[39m=[32m"currentColor"[39m
                [33mstroke-width[39m=[32m"0"[39m
                [33mviewBox[39m=[32m"0 0 448 512"[39m
                [33mwidth[39m=[32m"1em"[39m
                [33mxmlns[39m=[32m"http://www.w3.org/2000/svg"[39m
              [36m>[39m
                [36m<path[39m
                  [33md[39m=[32m"M0 180V56c0-13.3 10.7-24 24-24h124c6.6 0 12 5.4 12 12v40c0 6.6-5.4 12-12 
12H64v84c0 6.6-5.4 12-12 12H12c-6.6 0-12-5.4-12-12zM288 44v40c0 6.6 5.4 12 12 12h84v84c0 6.6 5.4 12 12 12h40c6.6 0 
12-5.4 12-12V56c0-13.3-10.7-24-24-24H300c-6.6 0-12 5.4-12 12zm148 276h-40c-6.6 0-12 5.4-12 12v84h-84c-6.6 0-12 5.4-12 
12v40c0 6.6 5.4 12 12 12h124c13.3 0 24-10.7 24-24V332c0-6.6-5.4-12-12-12zM160 
468v-40c0-6.6-5.4-12-12-12H64v-84c0-6.6-5.4-12-12-12H12c-6.6 0-12 5.4-12 12v124c0 13.3 10.7 24 24 24h124c6.6 0 12-5.4 
12-12z"[39m
                [36m/>[39m
              [36m</svg>[39m
            [36m</button>[39m
            [36m<button[39m
              [33maria-label[39m=[32m"Close"[39m
              [33mclass[39m=[32m"chat-modal__close-button"[39m
            [36m>[39m
              [36m<svg[39m
                [33mfill[39m=[32m"currentColor"[39m
                [33mheight[39m=[32m"1em"[39m
                [33mstroke[39m=[32m"currentColor"[39m
                [33mstroke-width[39m=[32m"0"[39m
                [33mviewBox[39m=[32m"0 0 352 512"[39m
                [33mwidth[39m=[32m"1em"[39m
                [33mxmlns[39m=[32m"http://www.w3.org/2000/svg"[39m
              [36m>[39m
                [36m<path[39m
                  [33md[39m=[32m"M242.72 256l100.07-100.07c12.28-12.28 12.28-32.19 
0-44.48l-22.24-22.24c-12.28-12.28-32.19-12.28-44.48 0L176 189.28 75.93 89.21c-12.28-12.28-32.19-12.28-44.48 0L9.21 
111.45c-12.28 12.28-12.28 32.19 0 44.48L109.28 256 9.21 356.07c-12.28 12.28-12.28 32.19 0 44.48l22.24 22.24c12.28 
12.28 32.2 12.28 44.48 0L176 322.72l100.07 100.07c12.28 12.28 32.2 12.28 44.48 0l22.24-22.24c12.28-12.28 12.28-32.19 
0-44.48L242.72 256z"[39m
                [36m/>[39m
              [36m</svg>[39m
            [36m</button>[39m
          [36m</div>[39m
        [36m</div>[39m
        [36m<div[39m
          [33mclass[39m=[32m"chat-modal__content"[39m
        [36m>[39m
          [36m<div[39m
            [33mclass[39m=[32m"chat-modal__panel chat-modal__panel--full"[39m
          [36m>[39m
            [36m<div[39m
              [33mclass[39m=[32m"conversation-list"[39m
            [36m>[39m
              [36m<div[39m
                [33mclass[39m=[32m"conversation-list__search"[39m
              [36m>[39m
                [36m<svg[39m
                  [33mclass[39m=[32m"conversation-list__search-icon"[39m
                  [33mfill[39m=[32m"currentColor"[39m
                  [33mheight[39m=[32m"1em"[39m
                  [33mstroke[39m=[32m"currentColor"[39m
                  [33mstroke-width[39m=[32m"0"[39m
                  [33mviewBox[39m=[32m"0 0 512 512"[39m
                  [33mwidth[39m=[32m"1em"[39m
                  [33mxmlns[39m=[32m"http://www.w3.org/2000/svg"[39m
                [36m>[39m
                  [36m<path[39m
                    [33md[39m=[32m"M505 442.7L405.3 343c-4.5-4.5-10.6-7-17-7H372c27.6-35.3 44-79.7 44-128C416 93.1 
322.9 0 208 0S0 93.1 0 208s93.1 208 208 208c48.3 0 92.7-16.4 128-44v16.3c0 6.4 2.5 12.5 7 17l99.7 99.7c9.4 9.4 24.6 
9.4 33.9 0l28.3-28.3c9.4-9.4 9.4-24.6.1-34zM208 336c-70.7 0-128-57.2-128-128 0-70.7 57.2-128 128-128 70.7 0 128 57.2 
128 128 0 70.7-57.2 128-128 128z"[39m
                  [36m/>[39m
                [36m</svg>[39m
                [36m<input[39m
                  [33mclass[39m=[32m"conversation-list__search-input"[39m
                  [33mplaceholder[39m=[32m"Search conversations..."[39m
                  [33mtype[39m=[32m"text"[39m
                  [33mvalue[39m=[32m""[39m
                [36m/>[39m
              [36m</div>[39m
              [36m<div[39m
                [33mclass[39m=[32m"conversation-list__filters"[39m
              [36m>[39m
                [36m<button[39m
                  [33mclass[39m=[32m"conversation-list__filter-tab conversation-list__filter-tab--active"[39m
                [36m>[39m
                  [0mAll[0m
                [36m</button>[39m
                [36m<button[39m
                  [33mclass[39m=[32m"conversation-list__filter-tab "[39m
                [36m>[39m
     ...
 Γ¥» __vi_import_2__.waitFor.timeout src/components/chat/ChatModal.test.jsx:528:42
    526|       // Wait for messages to load and onConversationSelect to be callΓÇª
    527|       await waitFor(() => {
    528|         expect(mockOnConversationSelect).toHaveBeenCalledWith("1");
       |                                          ^
    529|       }, { timeout: 2000 });
    530|     });
 Γ¥» runWithExpensiveErrorDiagnosticsDisabled node_modules/@testing-library/dom/dist/config.js:47:12
 Γ¥» checkCallback node_modules/@testing-library/dom/dist/wait-for.js:124:77
 Γ¥» Timeout.checkRealTimersCallback node_modules/@testing-library/dom/dist/wait-for.js:118:16

ΓÄ»ΓÄ»ΓÄ»ΓÄ»ΓÄ»ΓÄ»ΓÄ»ΓÄ»ΓÄ»ΓÄ»ΓÄ»ΓÄ»ΓÄ»ΓÄ»ΓÄ»ΓÄ»ΓÄ»ΓÄ»ΓÄ»ΓÄ»ΓÄ»ΓÄ»ΓÄ»ΓÄ»[5/8]ΓÄ»

 FAIL  src/components/chat/ChatModal.test.jsx > ChatModal > Edge cases > handles empty conversations array
TestingLibraryElementError: Unable to find an element with the text: No conversations yet. This could be because the 
text is broken up by multiple elements. In this case, you can provide a function for your text matcher to make your 
matcher more flexible.

Ignored nodes: comments, script, style
[36m<body>[39m
  [36m<div>[39m
    [36m<div[39m
      [33mclass[39m=[32m"chat-modal chat-modal--windowed chat-modal--collapsed"[39m
      [33mstyle[39m=[32m"position: fixed; left: 624px; top: 64px; width: 400px; height: calc(100vh - 64px); margin: 
0px; pointer-events: auto; z-index: 1001; transition: left 0.3s ease;"[39m
    [36m>[39m
      [36m<div[39m
        [33mclass[39m=[32m"chat-modal__header"[39m
      [36m>[39m
        [36m<div[39m
          [33mclass[39m=[32m"chat-modal__header-left"[39m
        [36m>[39m
          [36m<svg[39m
            [33mclass[39m=[32m"chat-modal__icon"[39m
            [33mfill[39m=[32m"currentColor"[39m
            [33mheight[39m=[32m"1em"[39m
            [33mstroke[39m=[32m"currentColor"[39m
            [33mstroke-width[39m=[32m"0"[39m
            [33mviewBox[39m=[32m"0 0 576 512"[39m
            [33mwidth[39m=[32m"1em"[39m
            [33mxmlns[39m=[32m"http://www.w3.org/2000/svg"[39m
          [36m>[39m
            [36m<path[39m
              [33md[39m=[32m"M416 192c0-88.4-93.1-160-208-160S0 103.6 0 192c0 34.3 14.1 65.9 38 92-13.4 30.2-35.5 
54.2-35.8 54.5-2.2 2.3-2.8 5.7-1.5 8.7S4.8 352 8 352c36.6 0 66.9-12.3 88.7-25 32.2 15.7 70.3 25 111.3 25 114.9 0 
208-71.6 208-160zm122 220c23.9-26 38-57.7 38-92 0-66.9-53.5-124.2-129.3-148.1.9 6.6 1.3 13.3 1.3 20.1 0 105.9-107.7 
192-240 192-10.8 0-21.3-.8-31.7-1.9C207.8 439.6 281.8 480 368 480c41 0 79.1-9.2 111.3-25 21.8 12.7 52.1 25 88.7 25 3.2 
0 6.1-1.9 7.3-4.8 1.3-2.9.7-6.3-1.5-8.7-.3-.3-22.4-24.2-35.8-54.5z"[39m
            [36m/>[39m
          [36m</svg>[39m
          [36m<h2[39m
            [33mclass[39m=[32m"chat-modal__title"[39m
          [36m>[39m
            [0mMessages[0m
          [36m</h2>[39m
        [36m</div>[39m
        [36m<div[39m
          [33mclass[39m=[32m"chat-modal__header-actions"[39m
        [36m>[39m
          [36m<button[39m
            [33maria-label[39m=[32m"Maximize"[39m
            [33mclass[39m=[32m"chat-modal__action-button"[39m
            [33mtitle[39m=[32m"Maximize"[39m
          [36m>[39m
            [36m<svg[39m
              [33mfill[39m=[32m"currentColor"[39m
              [33mheight[39m=[32m"1em"[39m
              [33mstroke[39m=[32m"currentColor"[39m
              [33mstroke-width[39m=[32m"0"[39m
              [33mviewBox[39m=[32m"0 0 448 512"[39m
              [33mwidth[39m=[32m"1em"[39m
              [33mxmlns[39m=[32m"http://www.w3.org/2000/svg"[39m
            [36m>[39m
              [36m<path[39m
                [33md[39m=[32m"M0 180V56c0-13.3 10.7-24 24-24h124c6.6 0 12 5.4 12 12v40c0 6.6-5.4 12-12 12H64v84c0 
6.6-5.4 12-12 12H12c-6.6 0-12-5.4-12-12zM288 44v40c0 6.6 5.4 12 12 12h84v84c0 6.6 5.4 12 12 12h40c6.6 0 12-5.4 
12-12V56c0-13.3-10.7-24-24-24H300c-6.6 0-12 5.4-12 12zm148 276h-40c-6.6 0-12 5.4-12 12v84h-84c-6.6 0-12 5.4-12 12v40c0 
6.6 5.4 12 12 12h124c13.3 0 24-10.7 24-24V332c0-6.6-5.4-12-12-12zM160 
468v-40c0-6.6-5.4-12-12-12H64v-84c0-6.6-5.4-12-12-12H12c-6.6 0-12 5.4-12 12v124c0 13.3 10.7 24 24 24h124c6.6 0 12-5.4 
12-12z"[39m
              [36m/>[39m
            [36m</svg>[39m
          [36m</button>[39m
          [36m<button[39m
            [33maria-label[39m=[32m"Close"[39m
            [33mclass[39m=[32m"chat-modal__close-button"[39m
          [36m>[39m
            [36m<svg[39m
              [33mfill[39m=[32m"currentColor"[39m
              [33mheight[39m=[32m"1em"[39m
              [33mstroke[39m=[32m"currentColor"[39m
              [33mstroke-width[39m=[32m"0"[39m
              [33mviewBox[39m=[32m"0 0 352 512"[39m
              [33mwidth[39m=[32m"1em"[39m
              [33mxmlns[39m=[32m"http://www.w3.org/2000/svg"[39m
            [36m>[39m
              [36m<path[39m
                [33md[39m=[32m"M242.72 256l100.07-100.07c12.28-12.28 12.28-32.19 
0-44.48l-22.24-22.24c-12.28-12.28-32.19-12.28-44.48 0L176 189.28 75.93 89.21c-12.28-12.28-32.19-12.28-44.48 0L9.21 
111.45c-12.28 12.28-12.28 32.19 0 44.48L109.28 256 9.21 356.07c-12.28 12.28-12.28 32.19 0 44.48l22.24 22.24c12.28 
12.28 32.2 12.28 44.48 0L176 322.72l100.07 100.07c12.28 12.28 32.2 12.28 44.48 0l22.24-22.24c12.28-12.28 12.28-32.19 
0-44.48L242.72 256z"[39m
              [36m/>[39m
            [36m</svg>[39m
          [36m</button>[39m
        [36m</div>[39m
      [36m</div>[39m
      [36m<div[39m
        [33mclass[39m=[32m"chat-modal__content"[39m
      [36m>[39m
        [36m<div[39m
          [33mclass[39m=[32m"chat-modal__panel chat-modal__panel--full"[39m
        [36m>[39m
          [36m<div[39m
            [33mclass[39m=[32m"chat-modal__empty"[39m
          [36m>[39m
            [36m<svg[39m
              [33mclass[39m=[32m"chat-modal__empty-icon"[39m
              [33mfill[39m=[32m"currentColor"[39m
              [33mheight[39m=[32m"1em"[39m
              [33mstroke[39m=[32m"currentColor"[39m
              [33mstroke-width[39m=[32m"0"[39m
              [33mviewBox[39m=[32m"0 0 576 512"[39m
              [33mwidth[39m=[32m"1em"[39m
              [33mxmlns[39m=[32m"http://www.w3.org/2000/svg"[39m
            [36m>[39m
              [36m<path[39m
                [33md[39m=[32m"M416 192c0-88.4-93.1-160-208-160S0 103.6 0 192c0 34.3 14.1 65.9 38 92-13.4 30.2-35.5 
54.2-35.8 54.5-2.2 2.3-2.8 5.7-1.5 8.7S4.8 352 8 352c36.6 0 66.9-12.3 88.7-25 32.2 15.7 70.3 25 111.3 25 114.9 0 
208-71.6 208-160zm122 220c23.9-26 38-57.7 38-92 0-66.9-53.5-124.2-129.3-148.1.9 6.6 1.3 13.3 1.3 20.1 0 105.9-107.7 
192-240 192-10.8 0-21.3-.8-31.7-1.9C207.8 439.6 281.8 480 368 480c41 0 79.1-9.2 111.3-25 21.8 12.7 52.1 25 88.7 25 3.2 
0 6.1-1.9 7.3-4.8 1.3-2.9.7-6.3-1.5-8.7-.3-.3-22.4-24.2-35.8-54.5z"[39m
              [36m/>[39m
            [36m</svg>[39m
            [36m<p[39m
              [33mclass[39m=[32m"chat-modal__empty-text"[39m
            [36m>[39m
              [0mSelect a conversation to start messaging[0m
            [36m</p>[39m
          [36m</div>[39m
        [36m</div>[39m
      [36m</div>[39m
    [36m</div>[39m
  [36m</div>[39m
[36m</body>[39m
 Γ¥» Object.getElementError node_modules/@testing-library/dom/dist/config.js:37:19
 Γ¥» node_modules/@testing-library/dom/dist/query-helpers.js:76:38
 Γ¥» node_modules/@testing-library/dom/dist/query-helpers.js:52:17
 Γ¥» node_modules/@testing-library/dom/dist/query-helpers.js:95:19
 Γ¥» src/components/chat/ChatModal.test.jsx:757:21
    755|         />
    756|       );
    757|       expect(screen.getByText("No conversations yet")).toBeInTheDocumeΓÇª
       |                     ^
    758|     });
    759| 

ΓÄ»ΓÄ»ΓÄ»ΓÄ»ΓÄ»ΓÄ»ΓÄ»ΓÄ»ΓÄ»ΓÄ»ΓÄ»ΓÄ»ΓÄ»ΓÄ»ΓÄ»ΓÄ»ΓÄ»ΓÄ»ΓÄ»ΓÄ»ΓÄ»ΓÄ»ΓÄ»ΓÄ»[6/8]ΓÄ»

 FAIL  src/components/chat/ChatModal.test.jsx > ChatModal > Edge cases > handles missing messages for conversation
Error: expect(received).toBeInTheDocument()

received value must be an HTMLElement or an SVGElement.
Received has type:  Undefined
Received has value: undefined
 Γ¥» src/components/chat/ChatModal.test.jsx:778:31
    776|         el.classList.contains("user-info-block__name")
    777|       );
    778|       expect(chatWindowAlice).toBeInTheDocument();
       |                               ^
    779|     });
    780| 

ΓÄ»ΓÄ»ΓÄ»ΓÄ»ΓÄ»ΓÄ»ΓÄ»ΓÄ»ΓÄ»ΓÄ»ΓÄ»ΓÄ»ΓÄ»ΓÄ»ΓÄ»ΓÄ»ΓÄ»ΓÄ»ΓÄ»ΓÄ»ΓÄ»ΓÄ»ΓÄ»ΓÄ»[7/8]ΓÄ»

 FAIL  src/components/chat/ChatModal.test.jsx > ChatModal > Edge cases > auto-selects first conversation when 
conversations are loaded
TestingLibraryElementError: Unable to find an element with the text: No conversations yet. This could be because the 
text is broken up by multiple elements. In this case, you can provide a function for your text matcher to make your 
matcher more flexible.

Ignored nodes: comments, script, style
[36m<body>[39m
  [36m<div>[39m
    [36m<div[39m
      [33mclass[39m=[32m"chat-modal chat-modal--windowed chat-modal--collapsed"[39m
      [33mstyle[39m=[32m"position: fixed; left: 624px; top: 64px; width: 400px; height: calc(100vh - 64px); margin: 
0px; pointer-events: auto; z-index: 1001; transition: left 0.3s ease;"[39m
    [36m>[39m
      [36m<div[39m
        [33mclass[39m=[32m"chat-modal__header"[39m
      [36m>[39m
        [36m<div[39m
          [33mclass[39m=[32m"chat-modal__header-left"[39m
        [36m>[39m
          [36m<svg[39m
            [33mclass[39m=[32m"chat-modal__icon"[39m
            [33mfill[39m=[32m"currentColor"[39m
            [33mheight[39m=[32m"1em"[39m
            [33mstroke[39m=[32m"currentColor"[39m
            [33mstroke-width[39m=[32m"0"[39m
            [33mviewBox[39m=[32m"0 0 576 512"[39m
            [33mwidth[39m=[32m"1em"[39m
            [33mxmlns[39m=[32m"http://www.w3.org/2000/svg"[39m
          [36m>[39m
            [36m<path[39m
              [33md[39m=[32m"M416 192c0-88.4-93.1-160-208-160S0 103.6 0 192c0 34.3 14.1 65.9 38 92-13.4 30.2-35.5 
54.2-35.8 54.5-2.2 2.3-2.8 5.7-1.5 8.7S4.8 352 8 352c36.6 0 66.9-12.3 88.7-25 32.2 15.7 70.3 25 111.3 25 114.9 0 
208-71.6 208-160zm122 220c23.9-26 38-57.7 38-92 0-66.9-53.5-124.2-129.3-148.1.9 6.6 1.3 13.3 1.3 20.1 0 105.9-107.7 
192-240 192-10.8 0-21.3-.8-31.7-1.9C207.8 439.6 281.8 480 368 480c41 0 79.1-9.2 111.3-25 21.8 12.7 52.1 25 88.7 25 3.2 
0 6.1-1.9 7.3-4.8 1.3-2.9.7-6.3-1.5-8.7-.3-.3-22.4-24.2-35.8-54.5z"[39m
            [36m/>[39m
          [36m</svg>[39m
          [36m<h2[39m
            [33mclass[39m=[32m"chat-modal__title"[39m
          [36m>[39m
            [0mMessages[0m
          [36m</h2>[39m
        [36m</div>[39m
        [36m<div[39m
          [33mclass[39m=[32m"chat-modal__header-actions"[39m
        [36m>[39m
          [36m<button[39m
            [33maria-label[39m=[32m"Maximize"[39m
            [33mclass[39m=[32m"chat-modal__action-button"[39m
            [33mtitle[39m=[32m"Maximize"[39m
          [36m>[39m
            [36m<svg[39m
              [33mfill[39m=[32m"currentColor"[39m
              [33mheight[39m=[32m"1em"[39m
              [33mstroke[39m=[32m"currentColor"[39m
              [33mstroke-width[39m=[32m"0"[39m
              [33mviewBox[39m=[32m"0 0 448 512"[39m
              [33mwidth[39m=[32m"1em"[39m
              [33mxmlns[39m=[32m"http://www.w3.org/2000/svg"[39m
            [36m>[39m
              [36m<path[39m
                [33md[39m=[32m"M0 180V56c0-13.3 10.7-24 24-24h124c6.6 0 12 5.4 12 12v40c0 6.6-5.4 12-12 12H64v84c0 
6.6-5.4 12-12 12H12c-6.6 0-12-5.4-12-12zM288 44v40c0 6.6 5.4 12 12 12h84v84c0 6.6 5.4 12 12 12h40c6.6 0 12-5.4 
12-12V56c0-13.3-10.7-24-24-24H300c-6.6 0-12 5.4-12 12zm148 276h-40c-6.6 0-12 5.4-12 12v84h-84c-6.6 0-12 5.4-12 12v40c0 
6.6 5.4 12 12 12h124c13.3 0 24-10.7 24-24V332c0-6.6-5.4-12-12-12zM160 
468v-40c0-6.6-5.4-12-12-12H64v-84c0-6.6-5.4-12-12-12H12c-6.6 0-12 5.4-12 12v124c0 13.3 10.7 24 24 24h124c6.6 0 12-5.4 
12-12z"[39m
              [36m/>[39m
            [36m</svg>[39m
          [36m</button>[39m
          [36m<button[39m
            [33maria-label[39m=[32m"Close"[39m
            [33mclass[39m=[32m"chat-modal__close-button"[39m
          [36m>[39m
            [36m<svg[39m
              [33mfill[39m=[32m"currentColor"[39m
              [33mheight[39m=[32m"1em"[39m
              [33mstroke[39m=[32m"currentColor"[39m
              [33mstroke-width[39m=[32m"0"[39m
              [33mviewBox[39m=[32m"0 0 352 512"[39m
              [33mwidth[39m=[32m"1em"[39m
              [33mxmlns[39m=[32m"http://www.w3.org/2000/svg"[39m
            [36m>[39m
              [36m<path[39m
                [33md[39m=[32m"M242.72 256l100.07-100.07c12.28-12.28 12.28-32.19 
0-44.48l-22.24-22.24c-12.28-12.28-32.19-12.28-44.48 0L176 189.28 75.93 89.21c-12.28-12.28-32.19-12.28-44.48 0L9.21 
111.45c-12.28 12.28-12.28 32.19 0 44.48L109.28 256 9.21 356.07c-12.28 12.28-12.28 32.19 0 44.48l22.24 22.24c12.28 
12.28 32.2 12.28 44.48 0L176 322.72l100.07 100.07c12.28 12.28 32.2 12.28 44.48 0l22.24-22.24c12.28-12.28 12.28-32.19 
0-44.48L242.72 256z"[39m
              [36m/>[39m
            [36m</svg>[39m
          [36m</button>[39m
        [36m</div>[39m
      [36m</div>[39m

 Test Files  1 failed | 30 passed (31)
      Tests  8 failed | 416 passed (424)
     Errors  3 errors
   Start at  12:06:56
   Duration  200.65s (transform 28.21s, setup 49.38s, collect 95.27s, tests 303.93s, environment 358.20s, prepare 16.47s)

      [36m<div[39m
        [33mclass[39m=[32m"chat-modal__content"[39m
      [36m>[39m
        [36m<div[39m
          [33mclass[39m=[32m"chat-modal__panel chat-modal__panel--full"[39m
        [36m>[39m
          [36m<div[39m
            [33mclass[39m=[32m"chat-modal__empty"[39m
          [36m>[39m
            [36m<svg[39m
              [33mclass[39m=[32m"chat-modal__empty-icon"[39m
              [33mfill[39m=[32m"currentColor"[39m
              [33mheight[39m=[32m"1em"[39m
              [33mstroke[39m=[32m"currentColor"[39m
              [33mstroke-width[39m=[32m"0"[39m
              [33mviewBox[39m=[32m"0 0 576 512"[39m
              [33mwidth[39m=[32m"1em"[39m
              [33mxmlns[39m=[32m"http://www.w3.org/2000/svg"[39m
            [36m>[39m
              [36m<path[39m
                [33md[39m=[32m"M416 192c0-88.4-93.1-160-208-160S0 103.6 0 192c0 34.3 14.1 65.9 38 92-13.4 30.2-35.5 
54.2-35.8 54.5-2.2 2.3-2.8 5.7-1.5 8.7S4.8 352 8 352c36.6 0 66.9-12.3 88.7-25 32.2 15.7 70.3 25 111.3 25 114.9 0 
208-71.6 208-160zm122 220c23.9-26 38-57.7 38-92 0-66.9-53.5-124.2-129.3-148.1.9 6.6 1.3 13.3 1.3 20.1 0 105.9-107.7 
192-240 192-10.8 0-21.3-.8-31.7-1.9C207.8 439.6 281.8 480 368 480c41 0 79.1-9.2 111.3-25 21.8 12.7 52.1 25 88.7 25 3.2 
0 6.1-1.9 7.3-4.8 1.3-2.9.7-6.3-1.5-8.7-.3-.3-22.4-24.2-35.8-54.5z"[39m
              [36m/>[39m
            [36m</svg>[39m
            [36m<p[39m
              [33mclass[39m=[32m"chat-modal__empty-text"[39m
            [36m>[39m
              [0mSelect a conversation to start messaging[0m
            [36m</p>[39m
          [36m</div>[39m
        [36m</div>[39m
      [36m</div>[39m
    [36m</div>[39m
  [36m</div>[39m
[36m</body>[39m
 Γ¥» Object.getElementError node_modules/@testing-library/dom/dist/config.js:37:19
 Γ¥» node_modules/@testing-library/dom/dist/query-helpers.js:76:38
 Γ¥» node_modules/@testing-library/dom/dist/query-helpers.js:52:17
 Γ¥» node_modules/@testing-library/dom/dist/query-helpers.js:95:19
 Γ¥» src/components/chat/ChatModal.test.jsx:826:21
    824|       
    825|       // Initially no conversations
    826|       expect(screen.getByText("No conversations yet")).toBeInTheDocumeΓÇª
       |                     ^
    827|       
    828|       // Add conversations

ΓÄ»ΓÄ»ΓÄ»ΓÄ»ΓÄ»ΓÄ»ΓÄ»ΓÄ»ΓÄ»ΓÄ»ΓÄ»ΓÄ»ΓÄ»ΓÄ»ΓÄ»ΓÄ»ΓÄ»ΓÄ»ΓÄ»ΓÄ»ΓÄ»ΓÄ»ΓÄ»ΓÄ»[8/8]ΓÄ»

ΓÄ»ΓÄ»ΓÄ»ΓÄ»ΓÄ»ΓÄ» Unhandled Errors ΓÄ»ΓÄ»ΓÄ»ΓÄ»ΓÄ»ΓÄ»

Vitest caught 3 unhandled errors during the test run.
This might cause false positive tests. Resolve unhandled errors to make sure your tests are not affected.

ΓÄ»ΓÄ»ΓÄ»ΓÄ»ΓÄ»ΓÄ» Unhandled Error ΓÄ»ΓÄ»ΓÄ»ΓÄ»ΓÄ»ΓÄ»ΓÄ»
Error: [vitest-pool]: Timeout starting forks runner.
 Γ¥» Timeout.<anonymous> node_modules/vitest/dist/chunks/cli-api.BxbUFDR6.js:6868:65
 Γ¥» listOnTimeout node:internal/timers:588:17
 Γ¥» processTimers node:internal/timers:523:7


ΓÄ»ΓÄ»ΓÄ»ΓÄ»ΓÄ»ΓÄ» Unhandled Error ΓÄ»ΓÄ»ΓÄ»ΓÄ»ΓÄ»ΓÄ»ΓÄ»
Error: [vitest-pool]: Timeout starting forks runner.
 Γ¥» Timeout.<anonymous> node_modules/vitest/dist/chunks/cli-api.BxbUFDR6.js:6868:65
 Γ¥» listOnTimeout node:internal/timers:588:17
 Γ¥» processTimers node:internal/timers:523:7


ΓÄ»ΓÄ»ΓÄ»ΓÄ»ΓÄ»ΓÄ» Unhandled Error ΓÄ»ΓÄ»ΓÄ»ΓÄ»ΓÄ»ΓÄ»ΓÄ»
Error: [vitest-pool]: Timeout starting forks runner.
 Γ¥» Timeout.<anonymous> node_modules/vitest/dist/chunks/cli-api.BxbUFDR6.js:6868:65
 Γ¥» listOnTimeout node:internal/timers:588:17
 Γ¥» processTimers node:internal/timers:523:7

ΓÄ»ΓÄ»ΓÄ»ΓÄ»ΓÄ»ΓÄ»ΓÄ»ΓÄ»ΓÄ»ΓÄ»ΓÄ»ΓÄ»ΓÄ»ΓÄ»ΓÄ»ΓÄ»ΓÄ»ΓÄ»ΓÄ»ΓÄ»ΓÄ»ΓÄ»ΓÄ»ΓÄ»ΓÄ»ΓÄ»ΓÄ»ΓÄ»ΓÄ»ΓÄ»

